-- Logs begin at Sun 2025-07-20 19:07:44 PDT, end at Tue 2025-08-12 20:08:23 PDT. --
Aug 12 04:52:35 ubuntu kernel: Linux version 5.15.0-139-generic (buildd@lcy02-amd64-067) (gcc (Ubuntu 9.4.0-1ubuntu1~20.04.2) 9.4.0, GNU ld (GNU Binutils for Ubuntu) 2.34) #149~20.04.1-Ubuntu SMP Wed Apr 16 08:29:56 UTC 2025 (Ubuntu 5.15.0-139.149~20.04.1-generic 5.15.178)
Aug 12 04:52:35 ubuntu kernel: Command line: BOOT_IMAGE=/boot/vmlinuz-5.15.0-139-generic root=UUID=fa794e31-f9de-40bb-b4f9-c00fcf0f4ed6 ro find_preseed=/preseed.cfg auto noprompt priority=critical locale=en_US quiet
Aug 12 04:52:35 ubuntu kernel: KERNEL supported cpus:
Aug 12 04:52:35 ubuntu kernel:   Intel GenuineIntel
Aug 12 04:52:35 ubuntu kernel:   AMD AuthenticAMD
Aug 12 04:52:35 ubuntu kernel:   Hygon HygonGenuine
Aug 12 04:52:35 ubuntu kernel:   Centaur CentaurHauls
Aug 12 04:52:35 ubuntu kernel:   zhaoxin   Shanghai  
Aug 12 04:52:35 ubuntu kernel: BIOS-provided physical RAM map:
Aug 12 04:52:35 ubuntu kernel: BIOS-e820: [mem 0x0000000000000000-0x000000000009e7ff] usable
Aug 12 04:52:35 ubuntu kernel: BIOS-e820: [mem 0x000000000009e800-0x000000000009ffff] reserved
Aug 12 04:52:35 ubuntu kernel: BIOS-e820: [mem 0x00000000000dc000-0x00000000000fffff] reserved
Aug 12 04:52:35 ubuntu kernel: BIOS-e820: [mem 0x0000000000100000-0x00000000bfecffff] usable
Aug 12 04:52:35 ubuntu kernel: BIOS-e820: [mem 0x00000000bfed0000-0x00000000bfefefff] ACPI data
Aug 12 04:52:35 ubuntu kernel: BIOS-e820: [mem 0x00000000bfeff000-0x00000000bfefffff] ACPI NVS
Aug 12 04:52:35 ubuntu kernel: BIOS-e820: [mem 0x00000000bff00000-0x00000000bfffffff] usable
Aug 12 04:52:35 ubuntu kernel: BIOS-e820: [mem 0x00000000f0000000-0x00000000f7ffffff] reserved
Aug 12 04:52:35 ubuntu kernel: BIOS-e820: [mem 0x00000000fec00000-0x00000000fec0ffff] reserved
Aug 12 04:52:35 ubuntu kernel: BIOS-e820: [mem 0x00000000fee00000-0x00000000fee00fff] reserved
Aug 12 04:52:35 ubuntu kernel: BIOS-e820: [mem 0x00000000fffe0000-0x00000000ffffffff] reserved
Aug 12 04:52:35 ubuntu kernel: BIOS-e820: [mem 0x0000000100000000-0x000000013fffffff] usable
Aug 12 04:52:35 ubuntu kernel: NX (Execute Disable) protection: active
Aug 12 04:52:35 ubuntu kernel: SMBIOS 2.7 present.
Aug 12 04:52:35 ubuntu kernel: DMI: VMware, Inc. VMware Virtual Platform/440BX Desktop Reference Platform, BIOS 6.00 11/12/2020
Aug 12 04:52:35 ubuntu kernel: vmware: hypercall mode: 0x02
Aug 12 04:52:35 ubuntu kernel: Hypervisor detected: VMware
Aug 12 04:52:35 ubuntu kernel: vmware: TSC freq read from hypervisor : 2419.198 MHz
Aug 12 04:52:35 ubuntu kernel: vmware: Host bus clock speed read from hypervisor : 66000000 Hz
Aug 12 04:52:35 ubuntu kernel: vmware: using clock offset of 29394646389 ns
Aug 12 04:52:35 ubuntu kernel: tsc: Detected 2419.198 MHz processor
Aug 12 04:52:35 ubuntu kernel: e820: update [mem 0x00000000-0x00000fff] usable ==> reserved
Aug 12 04:52:35 ubuntu kernel: e820: remove [mem 0x000a0000-0x000fffff] usable
Aug 12 04:52:35 ubuntu kernel: last_pfn = 0x140000 max_arch_pfn = 0x400000000
Aug 12 04:52:35 ubuntu kernel: x86/PAT: Configuration [0-7]: WB  WC  UC- UC  WB  WP  UC- WT  
Aug 12 04:52:35 ubuntu kernel: total RAM covered: 130048M
Aug 12 04:52:35 ubuntu kernel: Found optimal setting for mtrr clean up
Aug 12 04:52:35 ubuntu kernel:  gran_size: 64K         chunk_size: 64K         num_reg: 7          lose cover RAM: 0G
Aug 12 04:52:35 ubuntu kernel: e820: update [mem 0xc0000000-0xffffffff] usable ==> reserved
Aug 12 04:52:35 ubuntu kernel: last_pfn = 0xc0000 max_arch_pfn = 0x400000000
Aug 12 04:52:35 ubuntu kernel: found SMP MP-table at [mem 0x000f6a70-0x000f6a7f]
Aug 12 04:52:35 ubuntu kernel: Using GB pages for direct mapping
Aug 12 04:52:35 ubuntu kernel: Incomplete global flushes, disabling PCID
Aug 12 04:52:35 ubuntu kernel: RAMDISK: [mem 0x2cf37000-0x32792fff]
Aug 12 04:52:35 ubuntu kernel: ACPI: Early table checksum verification disabled
Aug 12 04:52:35 ubuntu kernel: ACPI: RSDP 0x00000000000F6A00 000024 (v02 PTLTD )
Aug 12 04:52:35 ubuntu kernel: ACPI: XSDT 0x00000000BFEDC633 00005C (v01 INTEL  440BX    06040000 VMW  01324272)
Aug 12 04:52:35 ubuntu kernel: ACPI: FACP 0x00000000BFEFEE73 0000F4 (v04 INTEL  440BX    06040000 PTL  000F4240)
Aug 12 04:52:35 ubuntu kernel: ACPI: DSDT 0x00000000BFEDD9E8 02148B (v01 PTLTD  Custom   06040000 MSFT 03000001)
Aug 12 04:52:35 ubuntu kernel: ACPI: FACS 0x00000000BFEFFFC0 000040
Aug 12 04:52:35 ubuntu kernel: ACPI: FACS 0x00000000BFEFFFC0 000040
Aug 12 04:52:35 ubuntu kernel: ACPI: BOOT 0x00000000BFEDD9C0 000028 (v01 PTLTD  $SBFTBL$ 06040000  LTP 00000001)
Aug 12 04:52:35 ubuntu kernel: ACPI: APIC 0x00000000BFEDD27E 000742 (v01 PTLTD  ? APIC   06040000  LTP 00000000)
Aug 12 04:52:35 ubuntu kernel: ACPI: MCFG 0x00000000BFEDD242 00003C (v01 PTLTD  $PCITBL$ 06040000  LTP 00000001)
Aug 12 04:52:35 ubuntu kernel: ACPI: SRAT 0x00000000BFEDC72F 0008D0 (v02 VMWARE MEMPLUG  06040000 VMW  00000001)
Aug 12 04:52:35 ubuntu kernel: ACPI: HPET 0x00000000BFEDC6F7 000038 (v01 VMWARE VMW HPET 06040000 VMW  00000001)
Aug 12 04:52:35 ubuntu kernel: ACPI: WAET 0x00000000BFEDC6CF 000028 (v01 VMWARE VMW WAET 06040000 VMW  00000001)
Aug 12 04:52:35 ubuntu kernel: ACPI: Reserving FACP table memory at [mem 0xbfefee73-0xbfefef66]
Aug 12 04:52:35 ubuntu kernel: ACPI: Reserving DSDT table memory at [mem 0xbfedd9e8-0xbfefee72]
Aug 12 04:52:35 ubuntu kernel: ACPI: Reserving FACS table memory at [mem 0xbfefffc0-0xbfefffff]
Aug 12 04:52:35 ubuntu kernel: ACPI: Reserving FACS table memory at [mem 0xbfefffc0-0xbfefffff]
Aug 12 04:52:35 ubuntu kernel: ACPI: Reserving BOOT table memory at [mem 0xbfedd9c0-0xbfedd9e7]
Aug 12 04:52:35 ubuntu kernel: ACPI: Reserving APIC table memory at [mem 0xbfedd27e-0xbfedd9bf]
Aug 12 04:52:35 ubuntu kernel: ACPI: Reserving MCFG table memory at [mem 0xbfedd242-0xbfedd27d]
Aug 12 04:52:35 ubuntu kernel: ACPI: Reserving SRAT table memory at [mem 0xbfedc72f-0xbfedcffe]
Aug 12 04:52:35 ubuntu kernel: ACPI: Reserving HPET table memory at [mem 0xbfedc6f7-0xbfedc72e]
Aug 12 04:52:35 ubuntu kernel: ACPI: Reserving WAET table memory at [mem 0xbfedc6cf-0xbfedc6f6]
Aug 12 04:52:35 ubuntu kernel: system APIC only can use physical flat
Aug 12 04:52:35 ubuntu kernel: Setting APIC routing to physical flat.
Aug 12 04:52:35 ubuntu kernel: SRAT: PXM 0 -> APIC 0x00 -> Node 0
Aug 12 04:52:35 ubuntu kernel: SRAT: PXM 0 -> APIC 0x02 -> Node 0
Aug 12 04:52:35 ubuntu kernel: SRAT: PXM 0 -> APIC 0x04 -> Node 0
Aug 12 04:52:35 ubuntu kernel: SRAT: PXM 0 -> APIC 0x06 -> Node 0
Aug 12 04:52:35 ubuntu kernel: SRAT: PXM 0 -> APIC 0x08 -> Node 0
Aug 12 04:52:35 ubuntu kernel: SRAT: PXM 0 -> APIC 0x0a -> Node 0
Aug 12 04:52:35 ubuntu kernel: SRAT: PXM 0 -> APIC 0x0c -> Node 0
Aug 12 04:52:35 ubuntu kernel: SRAT: PXM 0 -> APIC 0x0e -> Node 0
Aug 12 04:52:35 ubuntu kernel: SRAT: PXM 0 -> APIC 0x10 -> Node 0
Aug 12 04:52:35 ubuntu kernel: SRAT: PXM 0 -> APIC 0x12 -> Node 0
Aug 12 04:52:35 ubuntu kernel: SRAT: PXM 0 -> APIC 0x14 -> Node 0
Aug 12 04:52:35 ubuntu kernel: SRAT: PXM 0 -> APIC 0x16 -> Node 0
Aug 12 04:52:35 ubuntu kernel: SRAT: PXM 0 -> APIC 0x18 -> Node 0
Aug 12 04:52:35 ubuntu kernel: SRAT: PXM 0 -> APIC 0x1a -> Node 0
Aug 12 04:52:35 ubuntu kernel: SRAT: PXM 0 -> APIC 0x1c -> Node 0
Aug 12 04:52:35 ubuntu kernel: SRAT: PXM 0 -> APIC 0x1e -> Node 0
Aug 12 04:52:35 ubuntu kernel: SRAT: PXM 0 -> APIC 0x20 -> Node 0
Aug 12 04:52:35 ubuntu kernel: SRAT: PXM 0 -> APIC 0x22 -> Node 0
Aug 12 04:52:35 ubuntu kernel: SRAT: PXM 0 -> APIC 0x24 -> Node 0
Aug 12 04:52:35 ubuntu kernel: SRAT: PXM 0 -> APIC 0x26 -> Node 0
Aug 12 04:52:35 ubuntu kernel: SRAT: PXM 0 -> APIC 0x28 -> Node 0
Aug 12 04:52:35 ubuntu kernel: SRAT: PXM 0 -> APIC 0x2a -> Node 0
Aug 12 04:52:35 ubuntu kernel: SRAT: PXM 0 -> APIC 0x2c -> Node 0
Aug 12 04:52:35 ubuntu kernel: SRAT: PXM 0 -> APIC 0x2e -> Node 0
Aug 12 04:52:35 ubuntu kernel: SRAT: PXM 0 -> APIC 0x30 -> Node 0
Aug 12 04:52:35 ubuntu kernel: SRAT: PXM 0 -> APIC 0x32 -> Node 0
Aug 12 04:52:35 ubuntu kernel: SRAT: PXM 0 -> APIC 0x34 -> Node 0
Aug 12 04:52:35 ubuntu kernel: SRAT: PXM 0 -> APIC 0x36 -> Node 0
Aug 12 04:52:35 ubuntu kernel: SRAT: PXM 0 -> APIC 0x38 -> Node 0
Aug 12 04:52:35 ubuntu kernel: SRAT: PXM 0 -> APIC 0x3a -> Node 0
Aug 12 04:52:35 ubuntu kernel: SRAT: PXM 0 -> APIC 0x3c -> Node 0
Aug 12 04:52:35 ubuntu kernel: SRAT: PXM 0 -> APIC 0x3e -> Node 0
Aug 12 04:52:35 ubuntu kernel: SRAT: PXM 0 -> APIC 0x40 -> Node 0
Aug 12 04:52:35 ubuntu kernel: SRAT: PXM 0 -> APIC 0x42 -> Node 0
Aug 12 04:52:35 ubuntu kernel: SRAT: PXM 0 -> APIC 0x44 -> Node 0
Aug 12 04:52:35 ubuntu kernel: SRAT: PXM 0 -> APIC 0x46 -> Node 0
Aug 12 04:52:35 ubuntu kernel: SRAT: PXM 0 -> APIC 0x48 -> Node 0
Aug 12 04:52:35 ubuntu kernel: SRAT: PXM 0 -> APIC 0x4a -> Node 0
Aug 12 04:52:35 ubuntu kernel: SRAT: PXM 0 -> APIC 0x4c -> Node 0
Aug 12 04:52:35 ubuntu kernel: SRAT: PXM 0 -> APIC 0x4e -> Node 0
Aug 12 04:52:35 ubuntu kernel: SRAT: PXM 0 -> APIC 0x50 -> Node 0
Aug 12 04:52:35 ubuntu kernel: SRAT: PXM 0 -> APIC 0x52 -> Node 0
Aug 12 04:52:35 ubuntu kernel: SRAT: PXM 0 -> APIC 0x54 -> Node 0
Aug 12 04:52:35 ubuntu kernel: SRAT: PXM 0 -> APIC 0x56 -> Node 0
Aug 12 04:52:35 ubuntu kernel: SRAT: PXM 0 -> APIC 0x58 -> Node 0
Aug 12 04:52:35 ubuntu kernel: SRAT: PXM 0 -> APIC 0x5a -> Node 0
Aug 12 04:52:35 ubuntu kernel: SRAT: PXM 0 -> APIC 0x5c -> Node 0
Aug 12 04:52:35 ubuntu kernel: SRAT: PXM 0 -> APIC 0x5e -> Node 0
Aug 12 04:52:35 ubuntu kernel: SRAT: PXM 0 -> APIC 0x60 -> Node 0
Aug 12 04:52:35 ubuntu kernel: SRAT: PXM 0 -> APIC 0x62 -> Node 0
Aug 12 04:52:35 ubuntu kernel: SRAT: PXM 0 -> APIC 0x64 -> Node 0
Aug 12 04:52:35 ubuntu kernel: SRAT: PXM 0 -> APIC 0x66 -> Node 0
Aug 12 04:52:35 ubuntu kernel: SRAT: PXM 0 -> APIC 0x68 -> Node 0
Aug 12 04:52:35 ubuntu kernel: SRAT: PXM 0 -> APIC 0x6a -> Node 0
Aug 12 04:52:35 ubuntu kernel: SRAT: PXM 0 -> APIC 0x6c -> Node 0
Aug 12 04:52:35 ubuntu kernel: SRAT: PXM 0 -> APIC 0x6e -> Node 0
Aug 12 04:52:35 ubuntu kernel: SRAT: PXM 0 -> APIC 0x70 -> Node 0
Aug 12 04:52:35 ubuntu kernel: SRAT: PXM 0 -> APIC 0x72 -> Node 0
Aug 12 04:52:35 ubuntu kernel: SRAT: PXM 0 -> APIC 0x74 -> Node 0
Aug 12 04:52:35 ubuntu kernel: SRAT: PXM 0 -> APIC 0x76 -> Node 0
Aug 12 04:52:35 ubuntu kernel: SRAT: PXM 0 -> APIC 0x78 -> Node 0
Aug 12 04:52:35 ubuntu kernel: SRAT: PXM 0 -> APIC 0x7a -> Node 0
Aug 12 04:52:35 ubuntu kernel: SRAT: PXM 0 -> APIC 0x7c -> Node 0
Aug 12 04:52:35 ubuntu kernel: SRAT: PXM 0 -> APIC 0x7e -> Node 0
Aug 12 04:52:35 ubuntu kernel: SRAT: PXM 0 -> APIC 0x80 -> Node 0
Aug 12 04:52:35 ubuntu kernel: SRAT: PXM 0 -> APIC 0x82 -> Node 0
Aug 12 04:52:35 ubuntu kernel: SRAT: PXM 0 -> APIC 0x84 -> Node 0
Aug 12 04:52:35 ubuntu kernel: SRAT: PXM 0 -> APIC 0x86 -> Node 0
Aug 12 04:52:35 ubuntu kernel: SRAT: PXM 0 -> APIC 0x88 -> Node 0
Aug 12 04:52:35 ubuntu kernel: SRAT: PXM 0 -> APIC 0x8a -> Node 0
Aug 12 04:52:35 ubuntu kernel: SRAT: PXM 0 -> APIC 0x8c -> Node 0
Aug 12 04:52:35 ubuntu kernel: SRAT: PXM 0 -> APIC 0x8e -> Node 0
Aug 12 04:52:35 ubuntu kernel: SRAT: PXM 0 -> APIC 0x90 -> Node 0
Aug 12 04:52:35 ubuntu kernel: SRAT: PXM 0 -> APIC 0x92 -> Node 0
Aug 12 04:52:35 ubuntu kernel: SRAT: PXM 0 -> APIC 0x94 -> Node 0
Aug 12 04:52:35 ubuntu kernel: SRAT: PXM 0 -> APIC 0x96 -> Node 0
Aug 12 04:52:35 ubuntu kernel: SRAT: PXM 0 -> APIC 0x98 -> Node 0
Aug 12 04:52:35 ubuntu kernel: SRAT: PXM 0 -> APIC 0x9a -> Node 0
Aug 12 04:52:35 ubuntu kernel: SRAT: PXM 0 -> APIC 0x9c -> Node 0
Aug 12 04:52:35 ubuntu kernel: SRAT: PXM 0 -> APIC 0x9e -> Node 0
Aug 12 04:52:35 ubuntu kernel: SRAT: PXM 0 -> APIC 0xa0 -> Node 0
Aug 12 04:52:35 ubuntu kernel: SRAT: PXM 0 -> APIC 0xa2 -> Node 0
Aug 12 04:52:35 ubuntu kernel: SRAT: PXM 0 -> APIC 0xa4 -> Node 0
Aug 12 04:52:35 ubuntu kernel: SRAT: PXM 0 -> APIC 0xa6 -> Node 0
Aug 12 04:52:35 ubuntu kernel: SRAT: PXM 0 -> APIC 0xa8 -> Node 0
Aug 12 04:52:35 ubuntu kernel: SRAT: PXM 0 -> APIC 0xaa -> Node 0
Aug 12 04:52:35 ubuntu kernel: SRAT: PXM 0 -> APIC 0xac -> Node 0
Aug 12 04:52:35 ubuntu kernel: SRAT: PXM 0 -> APIC 0xae -> Node 0
Aug 12 04:52:35 ubuntu kernel: SRAT: PXM 0 -> APIC 0xb0 -> Node 0
Aug 12 04:52:35 ubuntu kernel: SRAT: PXM 0 -> APIC 0xb2 -> Node 0
Aug 12 04:52:35 ubuntu kernel: SRAT: PXM 0 -> APIC 0xb4 -> Node 0
Aug 12 04:52:35 ubuntu kernel: SRAT: PXM 0 -> APIC 0xb6 -> Node 0
Aug 12 04:52:35 ubuntu kernel: SRAT: PXM 0 -> APIC 0xb8 -> Node 0
Aug 12 04:52:35 ubuntu kernel: SRAT: PXM 0 -> APIC 0xba -> Node 0
Aug 12 04:52:35 ubuntu kernel: SRAT: PXM 0 -> APIC 0xbc -> Node 0
Aug 12 04:52:35 ubuntu kernel: SRAT: PXM 0 -> APIC 0xbe -> Node 0
Aug 12 04:52:35 ubuntu kernel: SRAT: PXM 0 -> APIC 0xc0 -> Node 0
Aug 12 04:52:35 ubuntu kernel: SRAT: PXM 0 -> APIC 0xc2 -> Node 0
Aug 12 04:52:35 ubuntu kernel: SRAT: PXM 0 -> APIC 0xc4 -> Node 0
Aug 12 04:52:35 ubuntu kernel: SRAT: PXM 0 -> APIC 0xc6 -> Node 0
Aug 12 04:52:35 ubuntu kernel: SRAT: PXM 0 -> APIC 0xc8 -> Node 0
Aug 12 04:52:35 ubuntu kernel: SRAT: PXM 0 -> APIC 0xca -> Node 0
Aug 12 04:52:35 ubuntu kernel: SRAT: PXM 0 -> APIC 0xcc -> Node 0
Aug 12 04:52:35 ubuntu kernel: SRAT: PXM 0 -> APIC 0xce -> Node 0
Aug 12 04:52:35 ubuntu kernel: SRAT: PXM 0 -> APIC 0xd0 -> Node 0
Aug 12 04:52:35 ubuntu kernel: SRAT: PXM 0 -> APIC 0xd2 -> Node 0
Aug 12 04:52:35 ubuntu kernel: SRAT: PXM 0 -> APIC 0xd4 -> Node 0
Aug 12 04:52:35 ubuntu kernel: SRAT: PXM 0 -> APIC 0xd6 -> Node 0
Aug 12 04:52:35 ubuntu kernel: SRAT: PXM 0 -> APIC 0xd8 -> Node 0
Aug 12 04:52:35 ubuntu kernel: SRAT: PXM 0 -> APIC 0xda -> Node 0
Aug 12 04:52:35 ubuntu kernel: SRAT: PXM 0 -> APIC 0xdc -> Node 0
Aug 12 04:52:35 ubuntu kernel: SRAT: PXM 0 -> APIC 0xde -> Node 0
Aug 12 04:52:35 ubuntu kernel: SRAT: PXM 0 -> APIC 0xe0 -> Node 0
Aug 12 04:52:35 ubuntu kernel: SRAT: PXM 0 -> APIC 0xe2 -> Node 0
Aug 12 04:52:35 ubuntu kernel: SRAT: PXM 0 -> APIC 0xe4 -> Node 0
Aug 12 04:52:35 ubuntu kernel: SRAT: PXM 0 -> APIC 0xe6 -> Node 0
Aug 12 04:52:35 ubuntu kernel: SRAT: PXM 0 -> APIC 0xe8 -> Node 0
Aug 12 04:52:35 ubuntu kernel: SRAT: PXM 0 -> APIC 0xea -> Node 0
Aug 12 04:52:35 ubuntu kernel: SRAT: PXM 0 -> APIC 0xec -> Node 0
Aug 12 04:52:35 ubuntu kernel: SRAT: PXM 0 -> APIC 0xee -> Node 0
Aug 12 04:52:35 ubuntu kernel: SRAT: PXM 0 -> APIC 0xf0 -> Node 0
Aug 12 04:52:35 ubuntu kernel: SRAT: PXM 0 -> APIC 0xf2 -> Node 0
Aug 12 04:52:35 ubuntu kernel: SRAT: PXM 0 -> APIC 0xf4 -> Node 0
Aug 12 04:52:35 ubuntu kernel: SRAT: PXM 0 -> APIC 0xf6 -> Node 0
Aug 12 04:52:35 ubuntu kernel: SRAT: PXM 0 -> APIC 0xf8 -> Node 0
Aug 12 04:52:35 ubuntu kernel: SRAT: PXM 0 -> APIC 0xfa -> Node 0
Aug 12 04:52:35 ubuntu kernel: SRAT: PXM 0 -> APIC 0xfc -> Node 0
Aug 12 04:52:35 ubuntu kernel: SRAT: PXM 0 -> APIC 0xfe -> Node 0
Aug 12 04:52:35 ubuntu kernel: ACPI: SRAT: Node 0 PXM 0 [mem 0x00000000-0x0009ffff]
Aug 12 04:52:35 ubuntu kernel: ACPI: SRAT: Node 0 PXM 0 [mem 0x00100000-0xbfffffff]
Aug 12 04:52:35 ubuntu kernel: ACPI: SRAT: Node 0 PXM 0 [mem 0x100000000-0x13fffffff]
Aug 12 04:52:35 ubuntu kernel: ACPI: SRAT: Node 0 PXM 0 [mem 0x140000000-0x103fffffff] hotplug
Aug 12 04:52:35 ubuntu kernel: NUMA: Node 0 [mem 0x00000000-0x0009ffff] + [mem 0x00100000-0xbfffffff] -> [mem 0x00000000-0xbfffffff]
Aug 12 04:52:35 ubuntu kernel: NUMA: Node 0 [mem 0x00000000-0xbfffffff] + [mem 0x100000000-0x13fffffff] -> [mem 0x00000000-0x13fffffff]
Aug 12 04:52:35 ubuntu kernel: NODE_DATA(0) allocated [mem 0x13ffd6000-0x13fffffff]
Aug 12 04:52:35 ubuntu kernel: Zone ranges:
Aug 12 04:52:35 ubuntu kernel:   DMA      [mem 0x0000000000001000-0x0000000000ffffff]
Aug 12 04:52:35 ubuntu kernel:   DMA32    [mem 0x0000000001000000-0x00000000ffffffff]
Aug 12 04:52:35 ubuntu kernel:   Normal   [mem 0x0000000100000000-0x000000013fffffff]
Aug 12 04:52:35 ubuntu kernel:   Device   empty
Aug 12 04:52:35 ubuntu kernel: Movable zone start for each node
Aug 12 04:52:35 ubuntu kernel: Early memory node ranges
Aug 12 04:52:35 ubuntu kernel:   node   0: [mem 0x0000000000001000-0x000000000009dfff]
Aug 12 04:52:35 ubuntu kernel:   node   0: [mem 0x0000000000100000-0x00000000bfecffff]
Aug 12 04:52:35 ubuntu kernel:   node   0: [mem 0x00000000bff00000-0x00000000bfffffff]
Aug 12 04:52:35 ubuntu kernel:   node   0: [mem 0x0000000100000000-0x000000013fffffff]
Aug 12 04:52:35 ubuntu kernel: Initmem setup node 0 [mem 0x0000000000001000-0x000000013fffffff]
Aug 12 04:52:35 ubuntu kernel: On node 0, zone DMA: 1 pages in unavailable ranges
Aug 12 04:52:35 ubuntu kernel: On node 0, zone DMA: 98 pages in unavailable ranges
Aug 12 04:52:35 ubuntu kernel: On node 0, zone DMA32: 48 pages in unavailable ranges
Aug 12 04:52:35 ubuntu kernel: ACPI: PM-Timer IO Port: 0x1008
Aug 12 04:52:35 ubuntu kernel: system APIC only can use physical flat
Aug 12 04:52:35 ubuntu kernel: ACPI: LAPIC_NMI (acpi_id[0x00] high edge lint[0x1])
Aug 12 04:52:35 ubuntu kernel: ACPI: LAPIC_NMI (acpi_id[0x01] high edge lint[0x1])
Aug 12 04:52:35 ubuntu kernel: ACPI: LAPIC_NMI (acpi_id[0x02] high edge lint[0x1])
Aug 12 04:52:35 ubuntu kernel: ACPI: LAPIC_NMI (acpi_id[0x03] high edge lint[0x1])
Aug 12 04:52:35 ubuntu kernel: ACPI: LAPIC_NMI (acpi_id[0x04] high edge lint[0x1])
Aug 12 04:52:35 ubuntu kernel: ACPI: LAPIC_NMI (acpi_id[0x05] high edge lint[0x1])
Aug 12 04:52:35 ubuntu kernel: ACPI: LAPIC_NMI (acpi_id[0x06] high edge lint[0x1])
Aug 12 04:52:35 ubuntu kernel: ACPI: LAPIC_NMI (acpi_id[0x07] high edge lint[0x1])
Aug 12 04:52:35 ubuntu kernel: ACPI: LAPIC_NMI (acpi_id[0x08] high edge lint[0x1])
Aug 12 04:52:35 ubuntu kernel: ACPI: LAPIC_NMI (acpi_id[0x09] high edge lint[0x1])
Aug 12 04:52:35 ubuntu kernel: ACPI: LAPIC_NMI (acpi_id[0x0a] high edge lint[0x1])
Aug 12 04:52:35 ubuntu kernel: ACPI: LAPIC_NMI (acpi_id[0x0b] high edge lint[0x1])
Aug 12 04:52:35 ubuntu kernel: ACPI: LAPIC_NMI (acpi_id[0x0c] high edge lint[0x1])
Aug 12 04:52:35 ubuntu kernel: ACPI: LAPIC_NMI (acpi_id[0x0d] high edge lint[0x1])
Aug 12 04:52:35 ubuntu kernel: ACPI: LAPIC_NMI (acpi_id[0x0e] high edge lint[0x1])
Aug 12 04:52:35 ubuntu kernel: ACPI: LAPIC_NMI (acpi_id[0x0f] high edge lint[0x1])
Aug 12 04:52:35 ubuntu kernel: ACPI: LAPIC_NMI (acpi_id[0x10] high edge lint[0x1])
Aug 12 04:52:35 ubuntu kernel: ACPI: LAPIC_NMI (acpi_id[0x11] high edge lint[0x1])
Aug 12 04:52:35 ubuntu kernel: ACPI: LAPIC_NMI (acpi_id[0x12] high edge lint[0x1])
Aug 12 04:52:35 ubuntu kernel: ACPI: LAPIC_NMI (acpi_id[0x13] high edge lint[0x1])
Aug 12 04:52:35 ubuntu kernel: ACPI: LAPIC_NMI (acpi_id[0x14] high edge lint[0x1])
Aug 12 04:52:35 ubuntu kernel: ACPI: LAPIC_NMI (acpi_id[0x15] high edge lint[0x1])
Aug 12 04:52:35 ubuntu kernel: ACPI: LAPIC_NMI (acpi_id[0x16] high edge lint[0x1])
Aug 12 04:52:35 ubuntu kernel: ACPI: LAPIC_NMI (acpi_id[0x17] high edge lint[0x1])
Aug 12 04:52:35 ubuntu kernel: ACPI: LAPIC_NMI (acpi_id[0x18] high edge lint[0x1])
Aug 12 04:52:35 ubuntu kernel: ACPI: LAPIC_NMI (acpi_id[0x19] high edge lint[0x1])
Aug 12 04:52:35 ubuntu kernel: ACPI: LAPIC_NMI (acpi_id[0x1a] high edge lint[0x1])
Aug 12 04:52:35 ubuntu kernel: ACPI: LAPIC_NMI (acpi_id[0x1b] high edge lint[0x1])
Aug 12 04:52:35 ubuntu kernel: ACPI: LAPIC_NMI (acpi_id[0x1c] high edge lint[0x1])
Aug 12 04:52:35 ubuntu kernel: ACPI: LAPIC_NMI (acpi_id[0x1d] high edge lint[0x1])
Aug 12 04:52:35 ubuntu kernel: ACPI: LAPIC_NMI (acpi_id[0x1e] high edge lint[0x1])
Aug 12 04:52:35 ubuntu kernel: ACPI: LAPIC_NMI (acpi_id[0x1f] high edge lint[0x1])
Aug 12 04:52:35 ubuntu kernel: ACPI: LAPIC_NMI (acpi_id[0x20] high edge lint[0x1])
Aug 12 04:52:35 ubuntu kernel: ACPI: LAPIC_NMI (acpi_id[0x21] high edge lint[0x1])
Aug 12 04:52:35 ubuntu kernel: ACPI: LAPIC_NMI (acpi_id[0x22] high edge lint[0x1])
Aug 12 04:52:35 ubuntu kernel: ACPI: LAPIC_NMI (acpi_id[0x23] high edge lint[0x1])
Aug 12 04:52:35 ubuntu kernel: ACPI: LAPIC_NMI (acpi_id[0x24] high edge lint[0x1])
Aug 12 04:52:35 ubuntu kernel: ACPI: LAPIC_NMI (acpi_id[0x25] high edge lint[0x1])
Aug 12 04:52:35 ubuntu kernel: ACPI: LAPIC_NMI (acpi_id[0x26] high edge lint[0x1])
Aug 12 04:52:35 ubuntu kernel: ACPI: LAPIC_NMI (acpi_id[0x27] high edge lint[0x1])
Aug 12 04:52:35 ubuntu kernel: ACPI: LAPIC_NMI (acpi_id[0x28] high edge lint[0x1])
Aug 12 04:52:35 ubuntu kernel: ACPI: LAPIC_NMI (acpi_id[0x29] high edge lint[0x1])
Aug 12 04:52:35 ubuntu kernel: ACPI: LAPIC_NMI (acpi_id[0x2a] high edge lint[0x1])
Aug 12 04:52:35 ubuntu kernel: ACPI: LAPIC_NMI (acpi_id[0x2b] high edge lint[0x1])
Aug 12 04:52:35 ubuntu kernel: ACPI: LAPIC_NMI (acpi_id[0x2c] high edge lint[0x1])
Aug 12 04:52:35 ubuntu kernel: ACPI: LAPIC_NMI (acpi_id[0x2d] high edge lint[0x1])
Aug 12 04:52:35 ubuntu kernel: ACPI: LAPIC_NMI (acpi_id[0x2e] high edge lint[0x1])
Aug 12 04:52:35 ubuntu kernel: ACPI: LAPIC_NMI (acpi_id[0x2f] high edge lint[0x1])
Aug 12 04:52:35 ubuntu kernel: ACPI: LAPIC_NMI (acpi_id[0x30] high edge lint[0x1])
Aug 12 04:52:35 ubuntu kernel: ACPI: LAPIC_NMI (acpi_id[0x31] high edge lint[0x1])
Aug 12 04:52:35 ubuntu kernel: ACPI: LAPIC_NMI (acpi_id[0x32] high edge lint[0x1])
Aug 12 04:52:35 ubuntu kernel: ACPI: LAPIC_NMI (acpi_id[0x33] high edge lint[0x1])
Aug 12 04:52:35 ubuntu kernel: ACPI: LAPIC_NMI (acpi_id[0x34] high edge lint[0x1])
Aug 12 04:52:35 ubuntu kernel: ACPI: LAPIC_NMI (acpi_id[0x35] high edge lint[0x1])
Aug 12 04:52:35 ubuntu kernel: ACPI: LAPIC_NMI (acpi_id[0x36] high edge lint[0x1])
Aug 12 04:52:35 ubuntu kernel: ACPI: LAPIC_NMI (acpi_id[0x37] high edge lint[0x1])
Aug 12 04:52:35 ubuntu kernel: ACPI: LAPIC_NMI (acpi_id[0x38] high edge lint[0x1])
Aug 12 04:52:35 ubuntu kernel: ACPI: LAPIC_NMI (acpi_id[0x39] high edge lint[0x1])
Aug 12 04:52:35 ubuntu kernel: ACPI: LAPIC_NMI (acpi_id[0x3a] high edge lint[0x1])
Aug 12 04:52:35 ubuntu kernel: ACPI: LAPIC_NMI (acpi_id[0x3b] high edge lint[0x1])
Aug 12 04:52:35 ubuntu kernel: ACPI: LAPIC_NMI (acpi_id[0x3c] high edge lint[0x1])
Aug 12 04:52:35 ubuntu kernel: ACPI: LAPIC_NMI (acpi_id[0x3d] high edge lint[0x1])
Aug 12 04:52:35 ubuntu kernel: ACPI: LAPIC_NMI (acpi_id[0x3e] high edge lint[0x1])
Aug 12 04:52:35 ubuntu kernel: ACPI: LAPIC_NMI (acpi_id[0x3f] high edge lint[0x1])
Aug 12 04:52:35 ubuntu kernel: ACPI: LAPIC_NMI (acpi_id[0x40] high edge lint[0x1])
Aug 12 04:52:35 ubuntu kernel: ACPI: LAPIC_NMI (acpi_id[0x41] high edge lint[0x1])
Aug 12 04:52:35 ubuntu kernel: ACPI: LAPIC_NMI (acpi_id[0x42] high edge lint[0x1])
Aug 12 04:52:35 ubuntu kernel: ACPI: LAPIC_NMI (acpi_id[0x43] high edge lint[0x1])
Aug 12 04:52:35 ubuntu kernel: ACPI: LAPIC_NMI (acpi_id[0x44] high edge lint[0x1])
Aug 12 04:52:35 ubuntu kernel: ACPI: LAPIC_NMI (acpi_id[0x45] high edge lint[0x1])
Aug 12 04:52:35 ubuntu kernel: ACPI: LAPIC_NMI (acpi_id[0x46] high edge lint[0x1])
Aug 12 04:52:35 ubuntu kernel: ACPI: LAPIC_NMI (acpi_id[0x47] high edge lint[0x1])
Aug 12 04:52:35 ubuntu kernel: ACPI: LAPIC_NMI (acpi_id[0x48] high edge lint[0x1])
Aug 12 04:52:35 ubuntu kernel: ACPI: LAPIC_NMI (acpi_id[0x49] high edge lint[0x1])
Aug 12 04:52:35 ubuntu kernel: ACPI: LAPIC_NMI (acpi_id[0x4a] high edge lint[0x1])
Aug 12 04:52:35 ubuntu kernel: ACPI: LAPIC_NMI (acpi_id[0x4b] high edge lint[0x1])
Aug 12 04:52:35 ubuntu kernel: ACPI: LAPIC_NMI (acpi_id[0x4c] high edge lint[0x1])
Aug 12 04:52:35 ubuntu kernel: ACPI: LAPIC_NMI (acpi_id[0x4d] high edge lint[0x1])
Aug 12 04:52:35 ubuntu kernel: ACPI: LAPIC_NMI (acpi_id[0x4e] high edge lint[0x1])
Aug 12 04:52:35 ubuntu kernel: ACPI: LAPIC_NMI (acpi_id[0x4f] high edge lint[0x1])
Aug 12 04:52:35 ubuntu kernel: ACPI: LAPIC_NMI (acpi_id[0x50] high edge lint[0x1])
Aug 12 04:52:35 ubuntu kernel: ACPI: LAPIC_NMI (acpi_id[0x51] high edge lint[0x1])
Aug 12 04:52:35 ubuntu kernel: ACPI: LAPIC_NMI (acpi_id[0x52] high edge lint[0x1])
Aug 12 04:52:35 ubuntu kernel: ACPI: LAPIC_NMI (acpi_id[0x53] high edge lint[0x1])
Aug 12 04:52:35 ubuntu kernel: ACPI: LAPIC_NMI (acpi_id[0x54] high edge lint[0x1])
Aug 12 04:52:35 ubuntu kernel: ACPI: LAPIC_NMI (acpi_id[0x55] high edge lint[0x1])
Aug 12 04:52:35 ubuntu kernel: ACPI: LAPIC_NMI (acpi_id[0x56] high edge lint[0x1])
Aug 12 04:52:35 ubuntu kernel: ACPI: LAPIC_NMI (acpi_id[0x57] high edge lint[0x1])
Aug 12 04:52:35 ubuntu kernel: ACPI: LAPIC_NMI (acpi_id[0x58] high edge lint[0x1])
Aug 12 04:52:35 ubuntu kernel: ACPI: LAPIC_NMI (acpi_id[0x59] high edge lint[0x1])
Aug 12 04:52:35 ubuntu kernel: ACPI: LAPIC_NMI (acpi_id[0x5a] high edge lint[0x1])
Aug 12 04:52:35 ubuntu kernel: ACPI: LAPIC_NMI (acpi_id[0x5b] high edge lint[0x1])
Aug 12 04:52:35 ubuntu kernel: ACPI: LAPIC_NMI (acpi_id[0x5c] high edge lint[0x1])
Aug 12 04:52:35 ubuntu kernel: ACPI: LAPIC_NMI (acpi_id[0x5d] high edge lint[0x1])
Aug 12 04:52:35 ubuntu kernel: ACPI: LAPIC_NMI (acpi_id[0x5e] high edge lint[0x1])
Aug 12 04:52:35 ubuntu kernel: ACPI: LAPIC_NMI (acpi_id[0x5f] high edge lint[0x1])
Aug 12 04:52:35 ubuntu kernel: ACPI: LAPIC_NMI (acpi_id[0x60] high edge lint[0x1])
Aug 12 04:52:35 ubuntu kernel: ACPI: LAPIC_NMI (acpi_id[0x61] high edge lint[0x1])
Aug 12 04:52:35 ubuntu kernel: ACPI: LAPIC_NMI (acpi_id[0x62] high edge lint[0x1])
Aug 12 04:52:35 ubuntu kernel: ACPI: LAPIC_NMI (acpi_id[0x63] high edge lint[0x1])
Aug 12 04:52:35 ubuntu kernel: ACPI: LAPIC_NMI (acpi_id[0x64] high edge lint[0x1])
Aug 12 04:52:35 ubuntu kernel: ACPI: LAPIC_NMI (acpi_id[0x65] high edge lint[0x1])
Aug 12 04:52:35 ubuntu kernel: ACPI: LAPIC_NMI (acpi_id[0x66] high edge lint[0x1])
Aug 12 04:52:35 ubuntu kernel: ACPI: LAPIC_NMI (acpi_id[0x67] high edge lint[0x1])
Aug 12 04:52:35 ubuntu kernel: ACPI: LAPIC_NMI (acpi_id[0x68] high edge lint[0x1])
Aug 12 04:52:35 ubuntu kernel: ACPI: LAPIC_NMI (acpi_id[0x69] high edge lint[0x1])
Aug 12 04:52:35 ubuntu kernel: ACPI: LAPIC_NMI (acpi_id[0x6a] high edge lint[0x1])
Aug 12 04:52:35 ubuntu kernel: ACPI: LAPIC_NMI (acpi_id[0x6b] high edge lint[0x1])
Aug 12 04:52:35 ubuntu kernel: ACPI: LAPIC_NMI (acpi_id[0x6c] high edge lint[0x1])
Aug 12 04:52:35 ubuntu kernel: ACPI: LAPIC_NMI (acpi_id[0x6d] high edge lint[0x1])
Aug 12 04:52:35 ubuntu kernel: ACPI: LAPIC_NMI (acpi_id[0x6e] high edge lint[0x1])
Aug 12 04:52:35 ubuntu kernel: ACPI: LAPIC_NMI (acpi_id[0x6f] high edge lint[0x1])
Aug 12 04:52:35 ubuntu kernel: ACPI: LAPIC_NMI (acpi_id[0x70] high edge lint[0x1])
Aug 12 04:52:35 ubuntu kernel: ACPI: LAPIC_NMI (acpi_id[0x71] high edge lint[0x1])
Aug 12 04:52:35 ubuntu kernel: ACPI: LAPIC_NMI (acpi_id[0x72] high edge lint[0x1])
Aug 12 04:52:35 ubuntu kernel: ACPI: LAPIC_NMI (acpi_id[0x73] high edge lint[0x1])
Aug 12 04:52:35 ubuntu kernel: ACPI: LAPIC_NMI (acpi_id[0x74] high edge lint[0x1])
Aug 12 04:52:35 ubuntu kernel: ACPI: LAPIC_NMI (acpi_id[0x75] high edge lint[0x1])
Aug 12 04:52:35 ubuntu kernel: ACPI: LAPIC_NMI (acpi_id[0x76] high edge lint[0x1])
Aug 12 04:52:35 ubuntu kernel: ACPI: LAPIC_NMI (acpi_id[0x77] high edge lint[0x1])
Aug 12 04:52:35 ubuntu kernel: ACPI: LAPIC_NMI (acpi_id[0x78] high edge lint[0x1])
Aug 12 04:52:35 ubuntu kernel: ACPI: LAPIC_NMI (acpi_id[0x79] high edge lint[0x1])
Aug 12 04:52:35 ubuntu kernel: ACPI: LAPIC_NMI (acpi_id[0x7a] high edge lint[0x1])
Aug 12 04:52:35 ubuntu kernel: ACPI: LAPIC_NMI (acpi_id[0x7b] high edge lint[0x1])
Aug 12 04:52:35 ubuntu kernel: ACPI: LAPIC_NMI (acpi_id[0x7c] high edge lint[0x1])
Aug 12 04:52:35 ubuntu kernel: ACPI: LAPIC_NMI (acpi_id[0x7d] high edge lint[0x1])
Aug 12 04:52:35 ubuntu kernel: ACPI: LAPIC_NMI (acpi_id[0x7e] high edge lint[0x1])
Aug 12 04:52:35 ubuntu kernel: ACPI: LAPIC_NMI (acpi_id[0x7f] high edge lint[0x1])
Aug 12 04:52:35 ubuntu kernel: IOAPIC[0]: apic_id 1, version 32, address 0xfec00000, GSI 0-23
Aug 12 04:52:35 ubuntu kernel: ACPI: INT_SRC_OVR (bus 0 bus_irq 0 global_irq 2 high edge)
Aug 12 04:52:35 ubuntu kernel: ACPI: Using ACPI (MADT) for SMP configuration information
Aug 12 04:52:35 ubuntu kernel: ACPI: HPET id: 0x8086af01 base: 0xfed00000
Aug 12 04:52:35 ubuntu kernel: TSC deadline timer available
Aug 12 04:52:35 ubuntu kernel: smpboot: Allowing 128 CPUs, 126 hotplug CPUs
Aug 12 04:52:35 ubuntu kernel: PM: hibernation: Registered nosave memory: [mem 0x00000000-0x00000fff]
Aug 12 04:52:35 ubuntu kernel: PM: hibernation: Registered nosave memory: [mem 0x0009e000-0x0009efff]
Aug 12 04:52:35 ubuntu kernel: PM: hibernation: Registered nosave memory: [mem 0x0009f000-0x0009ffff]
Aug 12 04:52:35 ubuntu kernel: PM: hibernation: Registered nosave memory: [mem 0x000a0000-0x000dbfff]
Aug 12 04:52:35 ubuntu kernel: PM: hibernation: Registered nosave memory: [mem 0x000dc000-0x000fffff]
Aug 12 04:52:35 ubuntu kernel: PM: hibernation: Registered nosave memory: [mem 0xbfed0000-0xbfefefff]
Aug 12 04:52:35 ubuntu kernel: PM: hibernation: Registered nosave memory: [mem 0xbfeff000-0xbfefffff]
Aug 12 04:52:35 ubuntu kernel: PM: hibernation: Registered nosave memory: [mem 0xc0000000-0xefffffff]
Aug 12 04:52:35 ubuntu kernel: PM: hibernation: Registered nosave memory: [mem 0xf0000000-0xf7ffffff]
Aug 12 04:52:35 ubuntu kernel: PM: hibernation: Registered nosave memory: [mem 0xf8000000-0xfebfffff]
Aug 12 04:52:35 ubuntu kernel: PM: hibernation: Registered nosave memory: [mem 0xfec00000-0xfec0ffff]
Aug 12 04:52:35 ubuntu kernel: PM: hibernation: Registered nosave memory: [mem 0xfec10000-0xfedfffff]
Aug 12 04:52:35 ubuntu kernel: PM: hibernation: Registered nosave memory: [mem 0xfee00000-0xfee00fff]
Aug 12 04:52:35 ubuntu kernel: PM: hibernation: Registered nosave memory: [mem 0xfee01000-0xfffdffff]
Aug 12 04:52:35 ubuntu kernel: PM: hibernation: Registered nosave memory: [mem 0xfffe0000-0xffffffff]
Aug 12 04:52:35 ubuntu kernel: [mem 0xc0000000-0xefffffff] available for PCI devices
Aug 12 04:52:35 ubuntu kernel: Booting paravirtualized kernel on VMware hypervisor
Aug 12 04:52:35 ubuntu kernel: clocksource: refined-jiffies: mask: 0xffffffff max_cycles: 0xffffffff, max_idle_ns: 7645519600211568 ns
Aug 12 04:52:35 ubuntu kernel: setup_percpu: NR_CPUS:8192 nr_cpumask_bits:128 nr_cpu_ids:128 nr_node_ids:1
Aug 12 04:52:35 ubuntu kernel: percpu: Embedded 62 pages/cpu s217088 r8192 d28672 u262144
Aug 12 04:52:35 ubuntu kernel: pcpu-alloc: s217088 r8192 d28672 u262144 alloc=1*2097152
Aug 12 04:52:35 ubuntu kernel: pcpu-alloc: [0] 000 001 002 003 004 005 006 007 
Aug 12 04:52:35 ubuntu kernel: pcpu-alloc: [0] 008 009 010 011 012 013 014 015 
Aug 12 04:52:35 ubuntu kernel: pcpu-alloc: [0] 016 017 018 019 020 021 022 023 
Aug 12 04:52:35 ubuntu kernel: pcpu-alloc: [0] 024 025 026 027 028 029 030 031 
Aug 12 04:52:35 ubuntu kernel: pcpu-alloc: [0] 032 033 034 035 036 037 038 039 
Aug 12 04:52:35 ubuntu kernel: pcpu-alloc: [0] 040 041 042 043 044 045 046 047 
Aug 12 04:52:35 ubuntu kernel: pcpu-alloc: [0] 048 049 050 051 052 053 054 055 
Aug 12 04:52:35 ubuntu kernel: pcpu-alloc: [0] 056 057 058 059 060 061 062 063 
Aug 12 04:52:35 ubuntu kernel: pcpu-alloc: [0] 064 065 066 067 068 069 070 071 
Aug 12 04:52:35 ubuntu kernel: pcpu-alloc: [0] 072 073 074 075 076 077 078 079 
Aug 12 04:52:35 ubuntu kernel: pcpu-alloc: [0] 080 081 082 083 084 085 086 087 
Aug 12 04:52:35 ubuntu kernel: pcpu-alloc: [0] 088 089 090 091 092 093 094 095 
Aug 12 04:52:35 ubuntu kernel: pcpu-alloc: [0] 096 097 098 099 100 101 102 103 
Aug 12 04:52:35 ubuntu kernel: pcpu-alloc: [0] 104 105 106 107 108 109 110 111 
Aug 12 04:52:35 ubuntu kernel: pcpu-alloc: [0] 112 113 114 115 116 117 118 119 
Aug 12 04:52:35 ubuntu kernel: pcpu-alloc: [0] 120 121 122 123 124 125 126 127 
Aug 12 04:52:35 ubuntu kernel: Built 1 zonelists, mobility grouping on.  Total pages: 1031888
Aug 12 04:52:35 ubuntu kernel: Policy zone: Normal
Aug 12 04:52:35 ubuntu kernel: Kernel command line: BOOT_IMAGE=/boot/vmlinuz-5.15.0-139-generic root=UUID=fa794e31-f9de-40bb-b4f9-c00fcf0f4ed6 ro find_preseed=/preseed.cfg auto noprompt priority=critical locale=en_US quiet
Aug 12 04:52:35 ubuntu kernel: Unknown kernel command line parameters "auto noprompt BOOT_IMAGE=/boot/vmlinuz-5.15.0-139-generic find_preseed=/preseed.cfg priority=critical locale=en_US", will be passed to user space.
Aug 12 04:52:35 ubuntu kernel: printk: log_buf_len individual max cpu contribution: 4096 bytes
Aug 12 04:52:35 ubuntu kernel: printk: log_buf_len total cpu_extra contributions: 520192 bytes
Aug 12 04:52:35 ubuntu kernel: printk: log_buf_len min size: 262144 bytes
Aug 12 04:52:35 ubuntu kernel: printk: log_buf_len: 1048576 bytes
Aug 12 04:52:35 ubuntu kernel: printk: early log buf free: 237992(90%)
Aug 12 04:52:35 ubuntu kernel: Dentry cache hash table entries: 524288 (order: 10, 4194304 bytes, linear)
Aug 12 04:52:35 ubuntu kernel: Inode-cache hash table entries: 262144 (order: 9, 2097152 bytes, linear)
Aug 12 04:52:35 ubuntu kernel: mem auto-init: stack:off, heap alloc:on, heap free:off
Aug 12 04:52:35 ubuntu kernel: Memory: 3869340K/4193716K available (16393K kernel code, 4396K rwdata, 10888K rodata, 3372K init, 18700K bss, 324116K reserved, 0K cma-reserved)
Aug 12 04:52:35 ubuntu kernel: SLUB: HWalign=64, Order=0-3, MinObjects=0, CPUs=128, Nodes=1
Aug 12 04:52:35 ubuntu kernel: ftrace: allocating 50319 entries in 197 pages
Aug 12 04:52:35 ubuntu kernel: ftrace: allocated 197 pages with 4 groups
Aug 12 04:52:35 ubuntu kernel: rcu: Hierarchical RCU implementation.
Aug 12 04:52:35 ubuntu kernel: rcu:         RCU restricting CPUs from NR_CPUS=8192 to nr_cpu_ids=128.
Aug 12 04:52:35 ubuntu kernel:         Rude variant of Tasks RCU enabled.
Aug 12 04:52:35 ubuntu kernel:         Tracing variant of Tasks RCU enabled.
Aug 12 04:52:35 ubuntu kernel: rcu: RCU calculated value of scheduler-enlistment delay is 25 jiffies.
Aug 12 04:52:35 ubuntu kernel: rcu: Adjusting geometry for rcu_fanout_leaf=16, nr_cpu_ids=128
Aug 12 04:52:35 ubuntu kernel: NR_IRQS: 524544, nr_irqs: 1448, preallocated irqs: 16
Aug 12 04:52:35 ubuntu kernel: random: crng init done
Aug 12 04:52:35 ubuntu kernel: Console: colour VGA+ 80x25
Aug 12 04:52:35 ubuntu kernel: printk: console [tty0] enabled
Aug 12 04:52:35 ubuntu kernel: ACPI: Core revision 20210730
Aug 12 04:52:35 ubuntu kernel: clocksource: hpet: mask: 0xffffffff max_cycles: 0xffffffff, max_idle_ns: 133484882848 ns
Aug 12 04:52:35 ubuntu kernel: APIC: Switch to symmetric I/O mode setup
Aug 12 04:52:35 ubuntu kernel: x2apic enabled
Aug 12 04:52:35 ubuntu kernel: Switched APIC routing to physical x2apic.
Aug 12 04:52:35 ubuntu kernel: ..TIMER: vector=0x30 apic1=0 pin1=2 apic2=-1 pin2=-1
Aug 12 04:52:35 ubuntu kernel: clocksource: tsc-early: mask: 0xffffffffffffffff max_cycles: 0x22df0f35937, max_idle_ns: 440795269039 ns
Aug 12 04:52:35 ubuntu kernel: Calibrating delay loop (skipped) preset value.. 4838.39 BogoMIPS (lpj=9676792)
Aug 12 04:52:35 ubuntu kernel: x86/cpu: User Mode Instruction Prevention (UMIP) activated
Aug 12 04:52:35 ubuntu kernel: Last level iTLB entries: 4KB 0, 2MB 0, 4MB 0
Aug 12 04:52:35 ubuntu kernel: Last level dTLB entries: 4KB 0, 2MB 0, 4MB 0, 1GB 0
Aug 12 04:52:35 ubuntu kernel: Spectre V1 : Mitigation: usercopy/swapgs barriers and __user pointer sanitization
Aug 12 04:52:35 ubuntu kernel: Spectre V2 : Mitigation: Enhanced / Automatic IBRS
Aug 12 04:52:35 ubuntu kernel: Spectre V2 : Spectre v2 / SpectreRSB mitigation: Filling RSB on context switch
Aug 12 04:52:35 ubuntu kernel: Spectre V2 : Spectre v2 / PBRSB-eIBRS: Retire a single CALL on VMEXIT
Aug 12 04:52:35 ubuntu kernel: Spectre V2 : mitigation: Enabling conditional Indirect Branch Prediction Barrier
Aug 12 04:52:35 ubuntu kernel: Speculative Store Bypass: Mitigation: Speculative Store Bypass disabled via prctl and seccomp
Aug 12 04:52:35 ubuntu kernel: MMIO Stale Data: Unknown: No mitigations
Aug 12 04:52:35 ubuntu kernel: Register File Data Sampling: Vulnerable: No microcode
Aug 12 04:52:35 ubuntu kernel: x86/fpu: Supporting XSAVE feature 0x001: 'x87 floating point registers'
Aug 12 04:52:35 ubuntu kernel: x86/fpu: Supporting XSAVE feature 0x002: 'SSE registers'
Aug 12 04:52:35 ubuntu kernel: x86/fpu: Supporting XSAVE feature 0x004: 'AVX registers'
Aug 12 04:52:35 ubuntu kernel: x86/fpu: Supporting XSAVE feature 0x200: 'Protection Keys User registers'
Aug 12 04:52:35 ubuntu kernel: x86/fpu: xstate_offset[2]:  576, xstate_sizes[2]:  256
Aug 12 04:52:35 ubuntu kernel: x86/fpu: xstate_offset[9]:  832, xstate_sizes[9]:    8
Aug 12 04:52:35 ubuntu kernel: x86/fpu: Enabled xstate features 0x207, context size is 840 bytes, using 'compacted' format.
Aug 12 04:52:35 ubuntu kernel: Freeing SMP alternatives memory: 44K
Aug 12 04:52:35 ubuntu kernel: pid_max: default: 131072 minimum: 1024
Aug 12 04:52:35 ubuntu kernel: LSM: Security Framework initializing
Aug 12 04:52:35 ubuntu kernel: landlock: Up and running.
Aug 12 04:52:35 ubuntu kernel: Yama: becoming mindful.
Aug 12 04:52:35 ubuntu kernel: AppArmor: AppArmor initialized
Aug 12 04:52:35 ubuntu kernel: Mount-cache hash table entries: 8192 (order: 4, 65536 bytes, linear)
Aug 12 04:52:35 ubuntu kernel: Mountpoint-cache hash table entries: 8192 (order: 4, 65536 bytes, linear)
Aug 12 04:52:35 ubuntu kernel: smpboot: CPU0: Intel(R) Core(TM) i9-14900HX (family: 0x6, model: 0xb7, stepping: 0x1)
Aug 12 04:52:35 ubuntu kernel: Performance Events: generic architected perfmon v1, core PMU driver.
Aug 12 04:52:35 ubuntu kernel: core: CPUID marked event: 'cpu cycles' unavailable
Aug 12 04:52:35 ubuntu kernel: core: CPUID marked event: 'instructions' unavailable
Aug 12 04:52:35 ubuntu kernel: core: CPUID marked event: 'bus cycles' unavailable
Aug 12 04:52:35 ubuntu kernel: core: CPUID marked event: 'cache references' unavailable
Aug 12 04:52:35 ubuntu kernel: core: CPUID marked event: 'cache misses' unavailable
Aug 12 04:52:35 ubuntu kernel: core: CPUID marked event: 'branch instructions' unavailable
Aug 12 04:52:35 ubuntu kernel: core: CPUID marked event: 'branch misses' unavailable
Aug 12 04:52:35 ubuntu kernel: ... version:                1
Aug 12 04:52:35 ubuntu kernel: ... bit width:              48
Aug 12 04:52:35 ubuntu kernel: ... generic registers:      6
Aug 12 04:52:35 ubuntu kernel: ... value mask:             0000ffffffffffff
Aug 12 04:52:35 ubuntu kernel: ... max period:             000000007fffffff
Aug 12 04:52:35 ubuntu kernel: ... fixed-purpose events:   0
Aug 12 04:52:35 ubuntu kernel: ... event mask:             000000070000003f
Aug 12 04:52:35 ubuntu kernel: signal: max sigframe size: 3632
Aug 12 04:52:35 ubuntu kernel: rcu: Hierarchical SRCU implementation.
Aug 12 04:52:35 ubuntu kernel: NMI watchdog: Perf NMI watchdog permanently disabled
Aug 12 04:52:35 ubuntu kernel: smp: Bringing up secondary CPUs ...
Aug 12 04:52:35 ubuntu kernel: x86: Booting SMP configuration:
Aug 12 04:52:35 ubuntu kernel: .... node  #0, CPUs:          #1
Aug 12 04:52:35 ubuntu kernel: smpboot: CPU 1 Converting physical 2 to logical package 1
Aug 12 04:52:35 ubuntu kernel: smpboot: CPU 1 Converting physical 0 to logical die 1
Aug 12 04:52:35 ubuntu kernel: smp: Brought up 1 node, 2 CPUs
Aug 12 04:52:35 ubuntu kernel: smpboot: Max logical packages: 128
Aug 12 04:52:35 ubuntu kernel: smpboot: Total of 2 processors activated (9676.79 BogoMIPS)
Aug 12 04:52:35 ubuntu kernel: devtmpfs: initialized
Aug 12 04:52:35 ubuntu kernel: x86/mm: Memory block size: 128MB
Aug 12 04:52:35 ubuntu kernel: ACPI: PM: Registering ACPI NVS region [mem 0xbfeff000-0xbfefffff] (4096 bytes)
Aug 12 04:52:35 ubuntu kernel: clocksource: jiffies: mask: 0xffffffff max_cycles: 0xffffffff, max_idle_ns: 7645041785100000 ns
Aug 12 04:52:35 ubuntu kernel: futex hash table entries: 32768 (order: 9, 2097152 bytes, linear)
Aug 12 04:52:35 ubuntu kernel: pinctrl core: initialized pinctrl subsystem
Aug 12 04:52:35 ubuntu kernel: PM: RTC time: 11:52:28, date: 2025-08-12
Aug 12 04:52:35 ubuntu kernel: NET: Registered PF_NETLINK/PF_ROUTE protocol family
Aug 12 04:52:35 ubuntu kernel: DMA: preallocated 512 KiB GFP_KERNEL pool for atomic allocations
Aug 12 04:52:35 ubuntu kernel: DMA: preallocated 512 KiB GFP_KERNEL|GFP_DMA pool for atomic allocations
Aug 12 04:52:35 ubuntu kernel: DMA: preallocated 512 KiB GFP_KERNEL|GFP_DMA32 pool for atomic allocations
Aug 12 04:52:35 ubuntu kernel: audit: initializing netlink subsys (disabled)
Aug 12 04:52:35 ubuntu kernel: audit: type=2000 audit(1754999548.076:1): state=initialized audit_enabled=0 res=1
Aug 12 04:52:35 ubuntu kernel: thermal_sys: Registered thermal governor 'fair_share'
Aug 12 04:52:35 ubuntu kernel: thermal_sys: Registered thermal governor 'bang_bang'
Aug 12 04:52:35 ubuntu kernel: thermal_sys: Registered thermal governor 'step_wise'
Aug 12 04:52:35 ubuntu kernel: thermal_sys: Registered thermal governor 'user_space'
Aug 12 04:52:35 ubuntu kernel: thermal_sys: Registered thermal governor 'power_allocator'
Aug 12 04:52:35 ubuntu kernel: EISA bus registered
Aug 12 04:52:35 ubuntu kernel: cpuidle: using governor ladder
Aug 12 04:52:35 ubuntu kernel: cpuidle: using governor menu
Aug 12 04:52:35 ubuntu kernel: Simple Boot Flag at 0x36 set to 0x80
Aug 12 04:52:35 ubuntu kernel: ACPI: bus type PCI registered
Aug 12 04:52:35 ubuntu kernel: acpiphp: ACPI Hot Plug PCI Controller Driver version: 0.5
Aug 12 04:52:35 ubuntu kernel: PCI: MMCONFIG for domain 0000 [bus 00-7f] at [mem 0xf0000000-0xf7ffffff] (base 0xf0000000)
Aug 12 04:52:35 ubuntu kernel: PCI: MMCONFIG at [mem 0xf0000000-0xf7ffffff] reserved in E820
Aug 12 04:52:35 ubuntu kernel: PCI: Using configuration type 1 for base access
Aug 12 04:52:35 ubuntu kernel: kprobes: kprobe jump-optimization is enabled. All kprobes are optimized if possible.
Aug 12 04:52:35 ubuntu kernel: HugeTLB registered 1.00 GiB page size, pre-allocated 0 pages
Aug 12 04:52:35 ubuntu kernel: HugeTLB registered 2.00 MiB page size, pre-allocated 0 pages
Aug 12 04:52:35 ubuntu kernel: ACPI: Added _OSI(Module Device)
Aug 12 04:52:35 ubuntu kernel: ACPI: Added _OSI(Processor Device)
Aug 12 04:52:35 ubuntu kernel: ACPI: Added _OSI(3.0 _SCP Extensions)
Aug 12 04:52:35 ubuntu kernel: ACPI: Added _OSI(Processor Aggregator Device)
Aug 12 04:52:35 ubuntu kernel: ACPI: Added _OSI(Linux-Dell-Video)
Aug 12 04:52:35 ubuntu kernel: ACPI: Added _OSI(Linux-Lenovo-NV-HDMI-Audio)
Aug 12 04:52:35 ubuntu kernel: ACPI: Added _OSI(Linux-HPI-Hybrid-Graphics)
Aug 12 04:52:35 ubuntu kernel: ACPI: 1 ACPI AML tables successfully acquired and loaded
Aug 12 04:52:35 ubuntu kernel: ACPI: [Firmware Bug]: BIOS _OSI(Linux) query ignored
Aug 12 04:52:35 ubuntu kernel: ACPI: Interpreter enabled
Aug 12 04:52:35 ubuntu kernel: ACPI: PM: (supports S0 S1 S4 S5)
Aug 12 04:52:35 ubuntu kernel: ACPI: Using IOAPIC for interrupt routing
Aug 12 04:52:35 ubuntu kernel: PCI: Using host bridge windows from ACPI; if necessary, use "pci=nocrs" and report a bug
Aug 12 04:52:35 ubuntu kernel: PCI: Using E820 reservations for host bridge windows
Aug 12 04:52:35 ubuntu kernel: ACPI: Enabled 4 GPEs in block 00 to 0F
Aug 12 04:52:35 ubuntu kernel: ACPI: PCI Root Bridge [PCI0] (domain 0000 [bus 00-7f])
Aug 12 04:52:35 ubuntu kernel: acpi PNP0A03:00: _OSC: OS supports [ExtendedConfig ASPM ClockPM Segments MSI EDR HPX-Type3]
Aug 12 04:52:35 ubuntu kernel: acpi PNP0A03:00: _OSC: platform does not support [AER LTR DPC]
Aug 12 04:52:35 ubuntu kernel: acpi PNP0A03:00: _OSC: OS now controls [PCIeHotplug SHPCHotplug PME PCIeCapability]
Aug 12 04:52:35 ubuntu kernel: PCI host bridge to bus 0000:00
Aug 12 04:52:35 ubuntu kernel: pci_bus 0000:00: root bus resource [bus 00-7f]
Aug 12 04:52:35 ubuntu kernel: pci_bus 0000:00: root bus resource [io  0x0000-0x0cf7 window]
Aug 12 04:52:35 ubuntu kernel: pci_bus 0000:00: root bus resource [io  0x0d00-0xfeff window]
Aug 12 04:52:35 ubuntu kernel: pci_bus 0000:00: root bus resource [mem 0x000a0000-0x000bffff window]
Aug 12 04:52:35 ubuntu kernel: pci_bus 0000:00: root bus resource [mem 0x000d0000-0x000dbfff window]
Aug 12 04:52:35 ubuntu kernel: pci_bus 0000:00: root bus resource [mem 0xc0000000-0xfebfffff window]
Aug 12 04:52:35 ubuntu kernel: pci 0000:00:00.0: [8086:7190] type 00 class 0x060000
Aug 12 04:52:35 ubuntu kernel: pci 0000:00:01.0: [8086:7191] type 01 class 0x060400
Aug 12 04:52:35 ubuntu kernel: pci 0000:00:07.0: [8086:7110] type 00 class 0x060100
Aug 12 04:52:35 ubuntu kernel: pci 0000:00:07.1: [8086:7111] type 00 class 0x01018a
Aug 12 04:52:35 ubuntu kernel: pci 0000:00:07.1: reg 0x20: [io  0x1060-0x106f]
Aug 12 04:52:35 ubuntu kernel: pci 0000:00:07.1: legacy IDE quirk: reg 0x10: [io  0x01f0-0x01f7]
Aug 12 04:52:35 ubuntu kernel: pci 0000:00:07.1: legacy IDE quirk: reg 0x14: [io  0x03f6]
Aug 12 04:52:35 ubuntu kernel: pci 0000:00:07.1: legacy IDE quirk: reg 0x18: [io  0x0170-0x0177]
Aug 12 04:52:35 ubuntu kernel: pci 0000:00:07.1: legacy IDE quirk: reg 0x1c: [io  0x0376]
Aug 12 04:52:35 ubuntu kernel: pci 0000:00:07.3: [8086:7113] type 00 class 0x068000
Aug 12 04:52:35 ubuntu kernel: pci 0000:00:07.3: quirk: [io  0x1000-0x103f] claimed by PIIX4 ACPI
Aug 12 04:52:35 ubuntu kernel: pci 0000:00:07.3: quirk: [io  0x1040-0x104f] claimed by PIIX4 SMB
Aug 12 04:52:35 ubuntu kernel: pci 0000:00:07.7: [15ad:0740] type 00 class 0x088000
Aug 12 04:52:35 ubuntu kernel: pci 0000:00:07.7: reg 0x10: [io  0x1080-0x10bf]
Aug 12 04:52:35 ubuntu kernel: pci 0000:00:07.7: reg 0x14: [mem 0xfebc0000-0xfebfffff 64bit]
Aug 12 04:52:35 ubuntu kernel: pci 0000:00:0f.0: [15ad:0405] type 00 class 0x030000
Aug 12 04:52:35 ubuntu kernel: pci 0000:00:0f.0: reg 0x10: [io  0x1070-0x107f]
Aug 12 04:52:35 ubuntu kernel: pci 0000:00:0f.0: reg 0x14: [mem 0xe8000000-0xefffffff pref]
Aug 12 04:52:35 ubuntu kernel: pci 0000:00:0f.0: reg 0x18: [mem 0xfe000000-0xfe7fffff]
Aug 12 04:52:35 ubuntu kernel: pci 0000:00:0f.0: reg 0x30: [mem 0x00000000-0x00007fff pref]
Aug 12 04:52:35 ubuntu kernel: pci 0000:00:0f.0: Video device with shadowed ROM at [mem 0x000c0000-0x000dffff]
Aug 12 04:52:35 ubuntu kernel: pci 0000:00:10.0: [1000:0030] type 00 class 0x010000
Aug 12 04:52:35 ubuntu kernel: pci 0000:00:10.0: reg 0x10: [io  0x1400-0x14ff]
Aug 12 04:52:35 ubuntu kernel: pci 0000:00:10.0: reg 0x14: [mem 0xfeb80000-0xfeb9ffff 64bit]
Aug 12 04:52:35 ubuntu kernel: pci 0000:00:10.0: reg 0x1c: [mem 0xfeba0000-0xfebbffff 64bit]
Aug 12 04:52:35 ubuntu kernel: pci 0000:00:10.0: reg 0x30: [mem 0x00000000-0x00003fff pref]
Aug 12 04:52:35 ubuntu kernel: pci 0000:00:11.0: [15ad:0790] type 01 class 0x060401
Aug 12 04:52:35 ubuntu kernel: pci 0000:00:15.0: [15ad:07a0] type 01 class 0x060400
Aug 12 04:52:35 ubuntu kernel: pci 0000:00:15.0: PME# supported from D0 D3hot D3cold
Aug 12 04:52:35 ubuntu kernel: pci 0000:00:15.1: [15ad:07a0] type 01 class 0x060400
Aug 12 04:52:35 ubuntu kernel: pci 0000:00:15.1: PME# supported from D0 D3hot D3cold
Aug 12 04:52:35 ubuntu kernel: pci 0000:00:15.2: [15ad:07a0] type 01 class 0x060400
Aug 12 04:52:35 ubuntu kernel: pci 0000:00:15.2: PME# supported from D0 D3hot D3cold
Aug 12 04:52:35 ubuntu kernel: pci 0000:00:15.3: [15ad:07a0] type 01 class 0x060400
Aug 12 04:52:35 ubuntu kernel: pci 0000:00:15.3: PME# supported from D0 D3hot D3cold
Aug 12 04:52:35 ubuntu kernel: pci 0000:00:15.4: [15ad:07a0] type 01 class 0x060400
Aug 12 04:52:35 ubuntu kernel: pci 0000:00:15.4: PME# supported from D0 D3hot D3cold
Aug 12 04:52:35 ubuntu kernel: pci 0000:00:15.5: [15ad:07a0] type 01 class 0x060400
Aug 12 04:52:35 ubuntu kernel: pci 0000:00:15.5: PME# supported from D0 D3hot D3cold
Aug 12 04:52:35 ubuntu kernel: pci 0000:00:15.6: [15ad:07a0] type 01 class 0x060400
Aug 12 04:52:35 ubuntu kernel: pci 0000:00:15.6: PME# supported from D0 D3hot D3cold
Aug 12 04:52:35 ubuntu kernel: pci 0000:00:15.7: [15ad:07a0] type 01 class 0x060400
Aug 12 04:52:35 ubuntu kernel: pci 0000:00:15.7: PME# supported from D0 D3hot D3cold
Aug 12 04:52:35 ubuntu kernel: pci 0000:00:16.0: [15ad:07a0] type 01 class 0x060400
Aug 12 04:52:35 ubuntu kernel: pci 0000:00:16.0: PME# supported from D0 D3hot D3cold
Aug 12 04:52:35 ubuntu kernel: pci 0000:00:16.1: [15ad:07a0] type 01 class 0x060400
Aug 12 04:52:35 ubuntu kernel: pci 0000:00:16.1: PME# supported from D0 D3hot D3cold
Aug 12 04:52:35 ubuntu kernel: pci 0000:00:16.2: [15ad:07a0] type 01 class 0x060400
Aug 12 04:52:35 ubuntu kernel: pci 0000:00:16.2: PME# supported from D0 D3hot D3cold
Aug 12 04:52:35 ubuntu kernel: pci 0000:00:16.3: [15ad:07a0] type 01 class 0x060400
Aug 12 04:52:35 ubuntu kernel: pci 0000:00:16.3: PME# supported from D0 D3hot D3cold
Aug 12 04:52:35 ubuntu kernel: pci 0000:00:16.4: [15ad:07a0] type 01 class 0x060400
Aug 12 04:52:35 ubuntu kernel: pci 0000:00:16.4: PME# supported from D0 D3hot D3cold
Aug 12 04:52:35 ubuntu kernel: pci 0000:00:16.5: [15ad:07a0] type 01 class 0x060400
Aug 12 04:52:35 ubuntu kernel: pci 0000:00:16.5: PME# supported from D0 D3hot D3cold
Aug 12 04:52:35 ubuntu kernel: pci 0000:00:16.6: [15ad:07a0] type 01 class 0x060400
Aug 12 04:52:35 ubuntu kernel: pci 0000:00:16.6: PME# supported from D0 D3hot D3cold
Aug 12 04:52:35 ubuntu kernel: pci 0000:00:16.7: [15ad:07a0] type 01 class 0x060400
Aug 12 04:52:35 ubuntu kernel: pci 0000:00:16.7: PME# supported from D0 D3hot D3cold
Aug 12 04:52:35 ubuntu kernel: pci 0000:00:17.0: [15ad:07a0] type 01 class 0x060400
Aug 12 04:52:35 ubuntu kernel: pci 0000:00:17.0: PME# supported from D0 D3hot D3cold
Aug 12 04:52:35 ubuntu kernel: pci 0000:00:17.1: [15ad:07a0] type 01 class 0x060400
Aug 12 04:52:35 ubuntu kernel: pci 0000:00:17.1: PME# supported from D0 D3hot D3cold
Aug 12 04:52:35 ubuntu kernel: pci 0000:00:17.2: [15ad:07a0] type 01 class 0x060400
Aug 12 04:52:35 ubuntu kernel: pci 0000:00:17.2: PME# supported from D0 D3hot D3cold
Aug 12 04:52:35 ubuntu kernel: pci 0000:00:17.3: [15ad:07a0] type 01 class 0x060400
Aug 12 04:52:35 ubuntu kernel: pci 0000:00:17.3: PME# supported from D0 D3hot D3cold
Aug 12 04:52:35 ubuntu kernel: pci 0000:00:17.4: [15ad:07a0] type 01 class 0x060400
Aug 12 04:52:35 ubuntu kernel: pci 0000:00:17.4: PME# supported from D0 D3hot D3cold
Aug 12 04:52:35 ubuntu kernel: pci 0000:00:17.5: [15ad:07a0] type 01 class 0x060400
Aug 12 04:52:35 ubuntu kernel: pci 0000:00:17.5: PME# supported from D0 D3hot D3cold
Aug 12 04:52:35 ubuntu kernel: pci 0000:00:17.6: [15ad:07a0] type 01 class 0x060400
Aug 12 04:52:35 ubuntu kernel: pci 0000:00:17.6: PME# supported from D0 D3hot D3cold
Aug 12 04:52:35 ubuntu kernel: pci 0000:00:17.7: [15ad:07a0] type 01 class 0x060400
Aug 12 04:52:35 ubuntu kernel: pci 0000:00:17.7: PME# supported from D0 D3hot D3cold
Aug 12 04:52:35 ubuntu kernel: pci 0000:00:18.0: [15ad:07a0] type 01 class 0x060400
Aug 12 04:52:35 ubuntu kernel: pci 0000:00:18.0: PME# supported from D0 D3hot D3cold
Aug 12 04:52:35 ubuntu kernel: pci 0000:00:18.1: [15ad:07a0] type 01 class 0x060400
Aug 12 04:52:35 ubuntu kernel: pci 0000:00:18.1: PME# supported from D0 D3hot D3cold
Aug 12 04:52:35 ubuntu kernel: pci 0000:00:18.2: [15ad:07a0] type 01 class 0x060400
Aug 12 04:52:35 ubuntu kernel: pci 0000:00:18.2: PME# supported from D0 D3hot D3cold
Aug 12 04:52:35 ubuntu kernel: pci 0000:00:18.3: [15ad:07a0] type 01 class 0x060400
Aug 12 04:52:35 ubuntu kernel: pci 0000:00:18.3: PME# supported from D0 D3hot D3cold
Aug 12 04:52:35 ubuntu kernel: pci 0000:00:18.4: [15ad:07a0] type 01 class 0x060400
Aug 12 04:52:35 ubuntu kernel: pci 0000:00:18.4: PME# supported from D0 D3hot D3cold
Aug 12 04:52:35 ubuntu kernel: pci 0000:00:18.5: [15ad:07a0] type 01 class 0x060400
Aug 12 04:52:35 ubuntu kernel: pci 0000:00:18.5: PME# supported from D0 D3hot D3cold
Aug 12 04:52:35 ubuntu kernel: pci 0000:00:18.6: [15ad:07a0] type 01 class 0x060400
Aug 12 04:52:35 ubuntu kernel: pci 0000:00:18.6: PME# supported from D0 D3hot D3cold
Aug 12 04:52:35 ubuntu kernel: pci 0000:00:18.7: [15ad:07a0] type 01 class 0x060400
Aug 12 04:52:35 ubuntu kernel: pci 0000:00:18.7: PME# supported from D0 D3hot D3cold
Aug 12 04:52:35 ubuntu kernel: pci_bus 0000:01: extended config space not accessible
Aug 12 04:52:35 ubuntu kernel: pci 0000:00:01.0: PCI bridge to [bus 01]
Aug 12 04:52:35 ubuntu kernel: pci_bus 0000:02: extended config space not accessible
Aug 12 04:52:35 ubuntu kernel: acpiphp: Slot [32] registered
Aug 12 04:52:35 ubuntu kernel: acpiphp: Slot [33] registered
Aug 12 04:52:35 ubuntu kernel: acpiphp: Slot [34] registered
Aug 12 04:52:35 ubuntu kernel: acpiphp: Slot [35] registered
Aug 12 04:52:35 ubuntu kernel: acpiphp: Slot [36] registered
Aug 12 04:52:35 ubuntu kernel: acpiphp: Slot [37] registered
Aug 12 04:52:35 ubuntu kernel: acpiphp: Slot [38] registered
Aug 12 04:52:35 ubuntu kernel: acpiphp: Slot [39] registered
Aug 12 04:52:35 ubuntu kernel: acpiphp: Slot [40] registered
Aug 12 04:52:35 ubuntu kernel: acpiphp: Slot [41] registered
Aug 12 04:52:35 ubuntu kernel: acpiphp: Slot [42] registered
Aug 12 04:52:35 ubuntu kernel: acpiphp: Slot [43] registered
Aug 12 04:52:35 ubuntu kernel: acpiphp: Slot [44] registered
Aug 12 04:52:35 ubuntu kernel: acpiphp: Slot [45] registered
Aug 12 04:52:35 ubuntu kernel: acpiphp: Slot [46] registered
Aug 12 04:52:35 ubuntu kernel: acpiphp: Slot [47] registered
Aug 12 04:52:35 ubuntu kernel: acpiphp: Slot [48] registered
Aug 12 04:52:35 ubuntu kernel: acpiphp: Slot [49] registered
Aug 12 04:52:35 ubuntu kernel: acpiphp: Slot [50] registered
Aug 12 04:52:35 ubuntu kernel: acpiphp: Slot [51] registered
Aug 12 04:52:35 ubuntu kernel: acpiphp: Slot [52] registered
Aug 12 04:52:35 ubuntu kernel: acpiphp: Slot [53] registered
Aug 12 04:52:35 ubuntu kernel: acpiphp: Slot [54] registered
Aug 12 04:52:35 ubuntu kernel: acpiphp: Slot [55] registered
Aug 12 04:52:35 ubuntu kernel: acpiphp: Slot [56] registered
Aug 12 04:52:35 ubuntu kernel: acpiphp: Slot [57] registered
Aug 12 04:52:35 ubuntu kernel: acpiphp: Slot [58] registered
Aug 12 04:52:35 ubuntu kernel: acpiphp: Slot [59] registered
Aug 12 04:52:35 ubuntu kernel: acpiphp: Slot [60] registered
Aug 12 04:52:35 ubuntu kernel: acpiphp: Slot [61] registered
Aug 12 04:52:35 ubuntu kernel: acpiphp: Slot [62] registered
Aug 12 04:52:35 ubuntu kernel: acpiphp: Slot [63] registered
Aug 12 04:52:35 ubuntu kernel: pci 0000:02:00.0: [15ad:0774] type 00 class 0x0c0300
Aug 12 04:52:35 ubuntu kernel: pci 0000:02:00.0: reg 0x20: [io  0x2080-0x209f]
Aug 12 04:52:35 ubuntu kernel: pci 0000:02:01.0: [8086:100f] type 00 class 0x020000
Aug 12 04:52:35 ubuntu kernel: pci 0000:02:01.0: reg 0x10: [mem 0xfd5c0000-0xfd5dffff 64bit]
Aug 12 04:52:35 ubuntu kernel: pci 0000:02:01.0: reg 0x18: [mem 0xfdff0000-0xfdffffff 64bit]
Aug 12 04:52:35 ubuntu kernel: pci 0000:02:01.0: reg 0x20: [io  0x2000-0x203f]
Aug 12 04:52:35 ubuntu kernel: pci 0000:02:01.0: reg 0x30: [mem 0x00000000-0x0000ffff pref]
Aug 12 04:52:35 ubuntu kernel: pci 0000:02:01.0: PME# supported from D0 D3hot D3cold
Aug 12 04:52:35 ubuntu kernel: pci 0000:02:02.0: [1274:1371] type 00 class 0x040100
Aug 12 04:52:35 ubuntu kernel: pci 0000:02:02.0: reg 0x10: [io  0x2040-0x207f]
Aug 12 04:52:35 ubuntu kernel: pci 0000:02:03.0: [15ad:0770] type 00 class 0x0c0320
Aug 12 04:52:35 ubuntu kernel: pci 0000:02:03.0: reg 0x10: [mem 0xfd5ef000-0xfd5effff]
Aug 12 04:52:35 ubuntu kernel: pci 0000:02:04.0: [15ad:07e0] type 00 class 0x010601
Aug 12 04:52:35 ubuntu kernel: pci 0000:02:04.0: reg 0x24: [mem 0xfd5ee000-0xfd5eefff]
Aug 12 04:52:35 ubuntu kernel: pci 0000:02:04.0: reg 0x30: [mem 0x00000000-0x0000ffff pref]
Aug 12 04:52:35 ubuntu kernel: pci 0000:02:04.0: PME# supported from D3hot
Aug 12 04:52:35 ubuntu kernel: pci 0000:00:11.0: PCI bridge to [bus 02] (subtractive decode)
Aug 12 04:52:35 ubuntu kernel: pci 0000:00:11.0:   bridge window [io  0x2000-0x3fff]
Aug 12 04:52:35 ubuntu kernel: pci 0000:00:11.0:   bridge window [mem 0xfd500000-0xfdffffff]
Aug 12 04:52:35 ubuntu kernel: pci 0000:00:11.0:   bridge window [mem 0xe7b00000-0xe7ffffff 64bit pref]
Aug 12 04:52:35 ubuntu kernel: pci 0000:00:11.0:   bridge window [io  0x0000-0x0cf7 window] (subtractive decode)
Aug 12 04:52:35 ubuntu kernel: pci 0000:00:11.0:   bridge window [io  0x0d00-0xfeff window] (subtractive decode)
Aug 12 04:52:35 ubuntu kernel: pci 0000:00:11.0:   bridge window [mem 0x000a0000-0x000bffff window] (subtractive decode)
Aug 12 04:52:35 ubuntu kernel: pci 0000:00:11.0:   bridge window [mem 0x000d0000-0x000dbfff window] (subtractive decode)
Aug 12 04:52:35 ubuntu kernel: pci 0000:00:11.0:   bridge window [mem 0xc0000000-0xfebfffff window] (subtractive decode)
Aug 12 04:52:35 ubuntu kernel: pci 0000:00:15.0: PCI bridge to [bus 03]
Aug 12 04:52:35 ubuntu kernel: pci 0000:00:15.0:   bridge window [io  0x4000-0x4fff]
Aug 12 04:52:35 ubuntu kernel: pci 0000:00:15.0:   bridge window [mem 0xfd400000-0xfd4fffff]
Aug 12 04:52:35 ubuntu kernel: pci 0000:00:15.0:   bridge window [mem 0xe7a00000-0xe7afffff 64bit pref]
Aug 12 04:52:35 ubuntu kernel: pci 0000:00:15.1: PCI bridge to [bus 04]
Aug 12 04:52:35 ubuntu kernel: pci 0000:00:15.1:   bridge window [io  0x8000-0x8fff]
Aug 12 04:52:35 ubuntu kernel: pci 0000:00:15.1:   bridge window [mem 0xfd000000-0xfd0fffff]
Aug 12 04:52:35 ubuntu kernel: pci 0000:00:15.1:   bridge window [mem 0xe7600000-0xe76fffff 64bit pref]
Aug 12 04:52:35 ubuntu kernel: pci 0000:00:15.2: PCI bridge to [bus 05]
Aug 12 04:52:35 ubuntu kernel: pci 0000:00:15.2:   bridge window [io  0xc000-0xcfff]
Aug 12 04:52:35 ubuntu kernel: pci 0000:00:15.2:   bridge window [mem 0xfcc00000-0xfccfffff]
Aug 12 04:52:35 ubuntu kernel: pci 0000:00:15.2:   bridge window [mem 0xe7200000-0xe72fffff 64bit pref]
Aug 12 04:52:35 ubuntu kernel: pci 0000:00:15.3: PCI bridge to [bus 06]
Aug 12 04:52:35 ubuntu kernel: pci 0000:00:15.3:   bridge window [mem 0xfc800000-0xfc8fffff]
Aug 12 04:52:35 ubuntu kernel: pci 0000:00:15.3:   bridge window [mem 0xe6e00000-0xe6efffff 64bit pref]
Aug 12 04:52:35 ubuntu kernel: pci 0000:00:15.4: PCI bridge to [bus 07]
Aug 12 04:52:35 ubuntu kernel: pci 0000:00:15.4:   bridge window [mem 0xfc400000-0xfc4fffff]
Aug 12 04:52:35 ubuntu kernel: pci 0000:00:15.4:   bridge window [mem 0xe6a00000-0xe6afffff 64bit pref]
Aug 12 04:52:35 ubuntu kernel: pci 0000:00:15.5: PCI bridge to [bus 08]
Aug 12 04:52:35 ubuntu kernel: pci 0000:00:15.5:   bridge window [mem 0xfc000000-0xfc0fffff]
Aug 12 04:52:35 ubuntu kernel: pci 0000:00:15.5:   bridge window [mem 0xe6600000-0xe66fffff 64bit pref]
Aug 12 04:52:35 ubuntu kernel: pci 0000:00:15.6: PCI bridge to [bus 09]
Aug 12 04:52:35 ubuntu kernel: pci 0000:00:15.6:   bridge window [mem 0xfbc00000-0xfbcfffff]
Aug 12 04:52:35 ubuntu kernel: pci 0000:00:15.6:   bridge window [mem 0xe6200000-0xe62fffff 64bit pref]
Aug 12 04:52:35 ubuntu kernel: pci 0000:00:15.7: PCI bridge to [bus 0a]
Aug 12 04:52:35 ubuntu kernel: pci 0000:00:15.7:   bridge window [mem 0xfb800000-0xfb8fffff]
Aug 12 04:52:35 ubuntu kernel: pci 0000:00:15.7:   bridge window [mem 0xe5e00000-0xe5efffff 64bit pref]
Aug 12 04:52:35 ubuntu kernel: pci 0000:00:16.0: PCI bridge to [bus 0b]
Aug 12 04:52:35 ubuntu kernel: pci 0000:00:16.0:   bridge window [io  0x5000-0x5fff]
Aug 12 04:52:35 ubuntu kernel: pci 0000:00:16.0:   bridge window [mem 0xfd300000-0xfd3fffff]
Aug 12 04:52:36 ubuntu kernel: pci 0000:00:16.0:   bridge window [mem 0xe7900000-0xe79fffff 64bit pref]
Aug 12 04:52:36 ubuntu kernel: pci 0000:00:16.1: PCI bridge to [bus 0c]
Aug 12 04:52:36 ubuntu kernel: pci 0000:00:16.1:   bridge window [io  0x9000-0x9fff]
Aug 12 04:52:36 ubuntu kernel: pci 0000:00:16.1:   bridge window [mem 0xfcf00000-0xfcffffff]
Aug 12 04:52:36 ubuntu kernel: pci 0000:00:16.1:   bridge window [mem 0xe7500000-0xe75fffff 64bit pref]
Aug 12 04:52:36 ubuntu kernel: pci 0000:00:16.2: PCI bridge to [bus 0d]
Aug 12 04:52:36 ubuntu kernel: pci 0000:00:16.2:   bridge window [io  0xd000-0xdfff]
Aug 12 04:52:36 ubuntu kernel: pci 0000:00:16.2:   bridge window [mem 0xfcb00000-0xfcbfffff]
Aug 12 04:52:36 ubuntu kernel: pci 0000:00:16.2:   bridge window [mem 0xe7100000-0xe71fffff 64bit pref]
Aug 12 04:52:36 ubuntu kernel: pci 0000:00:16.3: PCI bridge to [bus 0e]
Aug 12 04:52:36 ubuntu kernel: pci 0000:00:16.3:   bridge window [mem 0xfc700000-0xfc7fffff]
Aug 12 04:52:36 ubuntu kernel: pci 0000:00:16.3:   bridge window [mem 0xe6d00000-0xe6dfffff 64bit pref]
Aug 12 04:52:36 ubuntu kernel: pci 0000:00:16.4: PCI bridge to [bus 0f]
Aug 12 04:52:36 ubuntu kernel: pci 0000:00:16.4:   bridge window [mem 0xfc300000-0xfc3fffff]
Aug 12 04:52:36 ubuntu kernel: pci 0000:00:16.4:   bridge window [mem 0xe6900000-0xe69fffff 64bit pref]
Aug 12 04:52:36 ubuntu kernel: pci 0000:00:16.5: PCI bridge to [bus 10]
Aug 12 04:52:36 ubuntu kernel: pci 0000:00:16.5:   bridge window [mem 0xfbf00000-0xfbffffff]
Aug 12 04:52:36 ubuntu kernel: pci 0000:00:16.5:   bridge window [mem 0xe6500000-0xe65fffff 64bit pref]
Aug 12 04:52:36 ubuntu kernel: pci 0000:00:16.6: PCI bridge to [bus 11]
Aug 12 04:52:36 ubuntu kernel: pci 0000:00:16.6:   bridge window [mem 0xfbb00000-0xfbbfffff]
Aug 12 04:52:36 ubuntu kernel: pci 0000:00:16.6:   bridge window [mem 0xe6100000-0xe61fffff 64bit pref]
Aug 12 04:52:36 ubuntu kernel: pci 0000:00:16.7: PCI bridge to [bus 12]
Aug 12 04:52:36 ubuntu kernel: pci 0000:00:16.7:   bridge window [mem 0xfb700000-0xfb7fffff]
Aug 12 04:52:36 ubuntu kernel: pci 0000:00:16.7:   bridge window [mem 0xe5d00000-0xe5dfffff 64bit pref]
Aug 12 04:52:36 ubuntu kernel: pci 0000:00:17.0: PCI bridge to [bus 13]
Aug 12 04:52:36 ubuntu kernel: pci 0000:00:17.0:   bridge window [io  0x6000-0x6fff]
Aug 12 04:52:36 ubuntu kernel: pci 0000:00:17.0:   bridge window [mem 0xfd200000-0xfd2fffff]
Aug 12 04:52:36 ubuntu kernel: pci 0000:00:17.0:   bridge window [mem 0xe7800000-0xe78fffff 64bit pref]
Aug 12 04:52:36 ubuntu kernel: pci 0000:00:17.1: PCI bridge to [bus 14]
Aug 12 04:52:36 ubuntu kernel: pci 0000:00:17.1:   bridge window [io  0xa000-0xafff]
Aug 12 04:52:36 ubuntu kernel: pci 0000:00:17.1:   bridge window [mem 0xfce00000-0xfcefffff]
Aug 12 04:52:36 ubuntu kernel: pci 0000:00:17.1:   bridge window [mem 0xe7400000-0xe74fffff 64bit pref]
Aug 12 04:52:36 ubuntu kernel: pci 0000:00:17.2: PCI bridge to [bus 15]
Aug 12 04:52:36 ubuntu kernel: pci 0000:00:17.2:   bridge window [io  0xe000-0xefff]
Aug 12 04:52:36 ubuntu kernel: pci 0000:00:17.2:   bridge window [mem 0xfca00000-0xfcafffff]
Aug 12 04:52:36 ubuntu kernel: pci 0000:00:17.2:   bridge window [mem 0xe7000000-0xe70fffff 64bit pref]
Aug 12 04:52:36 ubuntu kernel: pci 0000:00:17.3: PCI bridge to [bus 16]
Aug 12 04:52:36 ubuntu kernel: pci 0000:00:17.3:   bridge window [mem 0xfc600000-0xfc6fffff]
Aug 12 04:52:36 ubuntu kernel: pci 0000:00:17.3:   bridge window [mem 0xe6c00000-0xe6cfffff 64bit pref]
Aug 12 04:52:36 ubuntu kernel: pci 0000:00:17.4: PCI bridge to [bus 17]
Aug 12 04:52:36 ubuntu kernel: pci 0000:00:17.4:   bridge window [mem 0xfc200000-0xfc2fffff]
Aug 12 04:52:36 ubuntu kernel: pci 0000:00:17.4:   bridge window [mem 0xe6800000-0xe68fffff 64bit pref]
Aug 12 04:52:36 ubuntu kernel: pci 0000:00:17.5: PCI bridge to [bus 18]
Aug 12 04:52:36 ubuntu kernel: pci 0000:00:17.5:   bridge window [mem 0xfbe00000-0xfbefffff]
Aug 12 04:52:36 ubuntu kernel: pci 0000:00:17.5:   bridge window [mem 0xe6400000-0xe64fffff 64bit pref]
Aug 12 04:52:36 ubuntu kernel: pci 0000:00:17.6: PCI bridge to [bus 19]
Aug 12 04:52:36 ubuntu kernel: pci 0000:00:17.6:   bridge window [mem 0xfba00000-0xfbafffff]
Aug 12 04:52:36 ubuntu kernel: pci 0000:00:17.6:   bridge window [mem 0xe6000000-0xe60fffff 64bit pref]
Aug 12 04:52:36 ubuntu kernel: pci 0000:00:17.7: PCI bridge to [bus 1a]
Aug 12 04:52:36 ubuntu kernel: pci 0000:00:17.7:   bridge window [mem 0xfb600000-0xfb6fffff]
Aug 12 04:52:36 ubuntu kernel: pci 0000:00:17.7:   bridge window [mem 0xe5c00000-0xe5cfffff 64bit pref]
Aug 12 04:52:36 ubuntu kernel: pci 0000:00:18.0: PCI bridge to [bus 1b]
Aug 12 04:52:36 ubuntu kernel: pci 0000:00:18.0:   bridge window [io  0x7000-0x7fff]
Aug 12 04:52:36 ubuntu kernel: pci 0000:00:18.0:   bridge window [mem 0xfd100000-0xfd1fffff]
Aug 12 04:52:36 ubuntu kernel: pci 0000:00:18.0:   bridge window [mem 0xe7700000-0xe77fffff 64bit pref]
Aug 12 04:52:36 ubuntu kernel: pci 0000:00:18.1: PCI bridge to [bus 1c]
Aug 12 04:52:36 ubuntu kernel: pci 0000:00:18.1:   bridge window [io  0xb000-0xbfff]
Aug 12 04:52:36 ubuntu kernel: pci 0000:00:18.1:   bridge window [mem 0xfcd00000-0xfcdfffff]
Aug 12 04:52:36 ubuntu kernel: pci 0000:00:18.1:   bridge window [mem 0xe7300000-0xe73fffff 64bit pref]
Aug 12 04:52:36 ubuntu kernel: pci 0000:00:18.2: PCI bridge to [bus 1d]
Aug 12 04:52:36 ubuntu kernel: pci 0000:00:18.2:   bridge window [mem 0xfc900000-0xfc9fffff]
Aug 12 04:52:36 ubuntu kernel: pci 0000:00:18.2:   bridge window [mem 0xe6f00000-0xe6ffffff 64bit pref]
Aug 12 04:52:36 ubuntu kernel: pci 0000:00:18.3: PCI bridge to [bus 1e]
Aug 12 04:52:36 ubuntu kernel: pci 0000:00:18.3:   bridge window [mem 0xfc500000-0xfc5fffff]
Aug 12 04:52:36 ubuntu kernel: pci 0000:00:18.3:   bridge window [mem 0xe6b00000-0xe6bfffff 64bit pref]
Aug 12 04:52:36 ubuntu kernel: pci 0000:00:18.4: PCI bridge to [bus 1f]
Aug 12 04:52:36 ubuntu kernel: pci 0000:00:18.4:   bridge window [mem 0xfc100000-0xfc1fffff]
Aug 12 04:52:36 ubuntu kernel: pci 0000:00:18.4:   bridge window [mem 0xe6700000-0xe67fffff 64bit pref]
Aug 12 04:52:36 ubuntu kernel: pci 0000:00:18.5: PCI bridge to [bus 20]
Aug 12 04:52:36 ubuntu kernel: pci 0000:00:18.5:   bridge window [mem 0xfbd00000-0xfbdfffff]
Aug 12 04:52:36 ubuntu kernel: pci 0000:00:18.5:   bridge window [mem 0xe6300000-0xe63fffff 64bit pref]
Aug 12 04:52:36 ubuntu kernel: pci 0000:00:18.6: PCI bridge to [bus 21]
Aug 12 04:52:36 ubuntu kernel: pci 0000:00:18.6:   bridge window [mem 0xfb900000-0xfb9fffff]
Aug 12 04:52:36 ubuntu kernel: pci 0000:00:18.6:   bridge window [mem 0xe5f00000-0xe5ffffff 64bit pref]
Aug 12 04:52:36 ubuntu kernel: pci 0000:00:18.7: PCI bridge to [bus 22]
Aug 12 04:52:36 ubuntu kernel: pci 0000:00:18.7:   bridge window [mem 0xfb500000-0xfb5fffff]
Aug 12 04:52:36 ubuntu kernel: pci 0000:00:18.7:   bridge window [mem 0xe5b00000-0xe5bfffff 64bit pref]
Aug 12 04:52:36 ubuntu kernel: ACPI: PCI: Interrupt link LNKA configured for IRQ 9
Aug 12 04:52:36 ubuntu kernel: ACPI: PCI: Interrupt link LNKB configured for IRQ 11
Aug 12 04:52:36 ubuntu kernel: ACPI: PCI: Interrupt link LNKC configured for IRQ 10
Aug 12 04:52:36 ubuntu kernel: ACPI: PCI: Interrupt link LNKD configured for IRQ 7
Aug 12 04:52:36 ubuntu kernel: iommu: Default domain type: Translated 
Aug 12 04:52:36 ubuntu kernel: iommu: DMA domain TLB invalidation policy: lazy mode 
Aug 12 04:52:36 ubuntu kernel: SCSI subsystem initialized
Aug 12 04:52:36 ubuntu kernel: libata version 3.00 loaded.
Aug 12 04:52:36 ubuntu kernel: pci 0000:00:0f.0: vgaarb: setting as boot VGA device
Aug 12 04:52:36 ubuntu kernel: pci 0000:00:0f.0: vgaarb: VGA device added: decodes=io+mem,owns=io+mem,locks=none
Aug 12 04:52:36 ubuntu kernel: pci 0000:00:0f.0: vgaarb: bridge control possible
Aug 12 04:52:36 ubuntu kernel: vgaarb: loaded
Aug 12 04:52:36 ubuntu kernel: ACPI: bus type USB registered
Aug 12 04:52:36 ubuntu kernel: usbcore: registered new interface driver usbfs
Aug 12 04:52:36 ubuntu kernel: usbcore: registered new interface driver hub
Aug 12 04:52:36 ubuntu kernel: usbcore: registered new device driver usb
Aug 12 04:52:36 ubuntu kernel: pps_core: LinuxPPS API ver. 1 registered
Aug 12 04:52:36 ubuntu kernel: pps_core: Software ver. 5.3.6 - Copyright 2005-2007 Rodolfo Giometti <giometti@linux.it>
Aug 12 04:52:36 ubuntu kernel: PTP clock support registered
Aug 12 04:52:36 ubuntu kernel: EDAC MC: Ver: 3.0.0
Aug 12 04:52:36 ubuntu kernel: NetLabel: Initializing
Aug 12 04:52:36 ubuntu kernel: NetLabel:  domain hash size = 128
Aug 12 04:52:36 ubuntu kernel: NetLabel:  protocols = UNLABELED CIPSOv4 CALIPSO
Aug 12 04:52:36 ubuntu kernel: NetLabel:  unlabeled traffic allowed by default
Aug 12 04:52:36 ubuntu kernel: PCI: Using ACPI for IRQ routing
Aug 12 04:52:36 ubuntu kernel: PCI: pci_cache_line_size set to 64 bytes
Aug 12 04:52:36 ubuntu kernel: e820: reserve RAM buffer [mem 0x0009e800-0x0009ffff]
Aug 12 04:52:36 ubuntu kernel: e820: reserve RAM buffer [mem 0xbfed0000-0xbfffffff]
Aug 12 04:52:36 ubuntu kernel: hpet0: at MMIO 0xfed00000, IRQs 2, 8, 0, 0, 0, 0, 0, 0, 0, 0, 0, 0, 0, 0, 0, 0
Aug 12 04:52:36 ubuntu kernel: hpet0: 16 comparators, 64-bit 14.318180 MHz counter
Aug 12 04:52:36 ubuntu kernel: clocksource: Switched to clocksource tsc-early
Aug 12 04:52:36 ubuntu kernel: VFS: Disk quotas dquot_6.6.0
Aug 12 04:52:36 ubuntu kernel: VFS: Dquot-cache hash table entries: 512 (order 0, 4096 bytes)
Aug 12 04:52:36 ubuntu kernel: AppArmor: AppArmor Filesystem Enabled
Aug 12 04:52:36 ubuntu kernel: pnp: PnP ACPI init
Aug 12 04:52:36 ubuntu kernel: system 00:00: [io  0x1000-0x103f] has been reserved
Aug 12 04:52:36 ubuntu kernel: system 00:00: [io  0x1040-0x104f] has been reserved
Aug 12 04:52:36 ubuntu kernel: system 00:00: [io  0x0cf0-0x0cf1] has been reserved
Aug 12 04:52:36 ubuntu kernel: system 00:04: [mem 0xfed00000-0xfed003ff] has been reserved
Aug 12 04:52:36 ubuntu kernel: system 00:05: [io  0xfce0-0xfcff] has been reserved
Aug 12 04:52:36 ubuntu kernel: system 00:05: [mem 0xf0000000-0xf7ffffff] has been reserved
Aug 12 04:52:36 ubuntu kernel: system 00:05: [mem 0xfe800000-0xfe9fffff] has been reserved
Aug 12 04:52:36 ubuntu kernel: pnp: PnP ACPI: found 6 devices
Aug 12 04:52:36 ubuntu kernel: clocksource: acpi_pm: mask: 0xffffff max_cycles: 0xffffff, max_idle_ns: 2085701024 ns
Aug 12 04:52:36 ubuntu kernel: NET: Registered PF_INET protocol family
Aug 12 04:52:36 ubuntu kernel: IP idents hash table entries: 65536 (order: 7, 524288 bytes, linear)
Aug 12 04:52:36 ubuntu kernel: tcp_listen_portaddr_hash hash table entries: 2048 (order: 3, 32768 bytes, linear)
Aug 12 04:52:36 ubuntu kernel: Table-perturb hash table entries: 65536 (order: 6, 262144 bytes, linear)
Aug 12 04:52:36 ubuntu kernel: TCP established hash table entries: 32768 (order: 6, 262144 bytes, linear)
Aug 12 04:52:36 ubuntu kernel: TCP bind hash table entries: 32768 (order: 7, 524288 bytes, linear)
Aug 12 04:52:36 ubuntu kernel: TCP: Hash tables configured (established 32768 bind 32768)
Aug 12 04:52:36 ubuntu kernel: MPTCP token hash table entries: 4096 (order: 4, 98304 bytes, linear)
Aug 12 04:52:36 ubuntu kernel: UDP hash table entries: 2048 (order: 4, 65536 bytes, linear)
Aug 12 04:52:36 ubuntu kernel: UDP-Lite hash table entries: 2048 (order: 4, 65536 bytes, linear)
Aug 12 04:52:36 ubuntu kernel: NET: Registered PF_UNIX/PF_LOCAL protocol family
Aug 12 04:52:36 ubuntu kernel: NET: Registered PF_XDP protocol family
Aug 12 04:52:36 ubuntu kernel: pci 0000:00:15.3: bridge window [io  0x1000-0x0fff] to [bus 06] add_size 1000
Aug 12 04:52:36 ubuntu kernel: pci 0000:00:15.4: bridge window [io  0x1000-0x0fff] to [bus 07] add_size 1000
Aug 12 04:52:36 ubuntu kernel: pci 0000:00:15.5: bridge window [io  0x1000-0x0fff] to [bus 08] add_size 1000
Aug 12 04:52:36 ubuntu kernel: pci 0000:00:15.6: bridge window [io  0x1000-0x0fff] to [bus 09] add_size 1000
Aug 12 04:52:36 ubuntu kernel: pci 0000:00:15.7: bridge window [io  0x1000-0x0fff] to [bus 0a] add_size 1000
Aug 12 04:52:36 ubuntu kernel: pci 0000:00:16.3: bridge window [io  0x1000-0x0fff] to [bus 0e] add_size 1000
Aug 12 04:52:36 ubuntu kernel: pci 0000:00:16.4: bridge window [io  0x1000-0x0fff] to [bus 0f] add_size 1000
Aug 12 04:52:36 ubuntu kernel: pci 0000:00:16.5: bridge window [io  0x1000-0x0fff] to [bus 10] add_size 1000
Aug 12 04:52:36 ubuntu kernel: pci 0000:00:16.6: bridge window [io  0x1000-0x0fff] to [bus 11] add_size 1000
Aug 12 04:52:36 ubuntu kernel: pci 0000:00:16.7: bridge window [io  0x1000-0x0fff] to [bus 12] add_size 1000
Aug 12 04:52:36 ubuntu kernel: pci 0000:00:17.3: bridge window [io  0x1000-0x0fff] to [bus 16] add_size 1000
Aug 12 04:52:36 ubuntu kernel: pci 0000:00:17.4: bridge window [io  0x1000-0x0fff] to [bus 17] add_size 1000
Aug 12 04:52:36 ubuntu kernel: pci 0000:00:17.5: bridge window [io  0x1000-0x0fff] to [bus 18] add_size 1000
Aug 12 04:52:36 ubuntu kernel: pci 0000:00:17.6: bridge window [io  0x1000-0x0fff] to [bus 19] add_size 1000
Aug 12 04:52:36 ubuntu kernel: pci 0000:00:17.7: bridge window [io  0x1000-0x0fff] to [bus 1a] add_size 1000
Aug 12 04:52:36 ubuntu kernel: pci 0000:00:18.2: bridge window [io  0x1000-0x0fff] to [bus 1d] add_size 1000
Aug 12 04:52:36 ubuntu kernel: pci 0000:00:18.3: bridge window [io  0x1000-0x0fff] to [bus 1e] add_size 1000
Aug 12 04:52:36 ubuntu kernel: pci 0000:00:18.4: bridge window [io  0x1000-0x0fff] to [bus 1f] add_size 1000
Aug 12 04:52:36 ubuntu kernel: pci 0000:00:18.5: bridge window [io  0x1000-0x0fff] to [bus 20] add_size 1000
Aug 12 04:52:36 ubuntu kernel: pci 0000:00:18.6: bridge window [io  0x1000-0x0fff] to [bus 21] add_size 1000
Aug 12 04:52:36 ubuntu kernel: pci 0000:00:18.7: bridge window [io  0x1000-0x0fff] to [bus 22] add_size 1000
Aug 12 04:52:36 ubuntu kernel: pci 0000:00:10.0: BAR 6: assigned [mem 0xc0000000-0xc0003fff pref]
Aug 12 04:52:36 ubuntu kernel: pci 0000:00:15.3: BAR 13: no space for [io  size 0x1000]
Aug 12 04:52:36 ubuntu kernel: pci 0000:00:15.3: BAR 13: failed to assign [io  size 0x1000]
Aug 12 04:52:36 ubuntu kernel: pci 0000:00:15.4: BAR 13: no space for [io  size 0x1000]
Aug 12 04:52:36 ubuntu kernel: pci 0000:00:15.4: BAR 13: failed to assign [io  size 0x1000]
Aug 12 04:52:36 ubuntu kernel: pci 0000:00:15.5: BAR 13: no space for [io  size 0x1000]
Aug 12 04:52:36 ubuntu kernel: pci 0000:00:15.5: BAR 13: failed to assign [io  size 0x1000]
Aug 12 04:52:36 ubuntu kernel: pci 0000:00:15.6: BAR 13: no space for [io  size 0x1000]
Aug 12 04:52:36 ubuntu kernel: pci 0000:00:15.6: BAR 13: failed to assign [io  size 0x1000]
Aug 12 04:52:36 ubuntu kernel: pci 0000:00:15.7: BAR 13: no space for [io  size 0x1000]
Aug 12 04:52:36 ubuntu kernel: pci 0000:00:15.7: BAR 13: failed to assign [io  size 0x1000]
Aug 12 04:52:36 ubuntu kernel: pci 0000:00:16.3: BAR 13: no space for [io  size 0x1000]
Aug 12 04:52:36 ubuntu kernel: pci 0000:00:16.3: BAR 13: failed to assign [io  size 0x1000]
Aug 12 04:52:36 ubuntu kernel: pci 0000:00:16.4: BAR 13: no space for [io  size 0x1000]
Aug 12 04:52:36 ubuntu kernel: pci 0000:00:16.4: BAR 13: failed to assign [io  size 0x1000]
Aug 12 04:52:36 ubuntu kernel: pci 0000:00:16.5: BAR 13: no space for [io  size 0x1000]
Aug 12 04:52:36 ubuntu kernel: pci 0000:00:16.5: BAR 13: failed to assign [io  size 0x1000]
Aug 12 04:52:36 ubuntu kernel: pci 0000:00:16.6: BAR 13: no space for [io  size 0x1000]
Aug 12 04:52:36 ubuntu kernel: pci 0000:00:16.6: BAR 13: failed to assign [io  size 0x1000]
Aug 12 04:52:36 ubuntu kernel: pci 0000:00:16.7: BAR 13: no space for [io  size 0x1000]
Aug 12 04:52:36 ubuntu kernel: pci 0000:00:16.7: BAR 13: failed to assign [io  size 0x1000]
Aug 12 04:52:36 ubuntu kernel: pci 0000:00:17.3: BAR 13: no space for [io  size 0x1000]
Aug 12 04:52:36 ubuntu kernel: pci 0000:00:17.3: BAR 13: failed to assign [io  size 0x1000]
Aug 12 04:52:36 ubuntu kernel: pci 0000:00:17.4: BAR 13: no space for [io  size 0x1000]
Aug 12 04:52:36 ubuntu kernel: pci 0000:00:17.4: BAR 13: failed to assign [io  size 0x1000]
Aug 12 04:52:36 ubuntu kernel: pci 0000:00:17.5: BAR 13: no space for [io  size 0x1000]
Aug 12 04:52:36 ubuntu kernel: pci 0000:00:17.5: BAR 13: failed to assign [io  size 0x1000]
Aug 12 04:52:36 ubuntu kernel: pci 0000:00:17.6: BAR 13: no space for [io  size 0x1000]
Aug 12 04:52:36 ubuntu kernel: pci 0000:00:17.6: BAR 13: failed to assign [io  size 0x1000]
Aug 12 04:52:36 ubuntu kernel: pci 0000:00:17.7: BAR 13: no space for [io  size 0x1000]
Aug 12 04:52:36 ubuntu kernel: pci 0000:00:17.7: BAR 13: failed to assign [io  size 0x1000]
Aug 12 04:52:36 ubuntu kernel: pci 0000:00:18.2: BAR 13: no space for [io  size 0x1000]
Aug 12 04:52:36 ubuntu kernel: pci 0000:00:18.2: BAR 13: failed to assign [io  size 0x1000]
Aug 12 04:52:36 ubuntu kernel: pci 0000:00:18.3: BAR 13: no space for [io  size 0x1000]
Aug 12 04:52:36 ubuntu kernel: pci 0000:00:18.3: BAR 13: failed to assign [io  size 0x1000]
Aug 12 04:52:36 ubuntu kernel: pci 0000:00:18.4: BAR 13: no space for [io  size 0x1000]
Aug 12 04:52:36 ubuntu kernel: pci 0000:00:18.4: BAR 13: failed to assign [io  size 0x1000]
Aug 12 04:52:36 ubuntu kernel: pci 0000:00:18.5: BAR 13: no space for [io  size 0x1000]
Aug 12 04:52:36 ubuntu kernel: pci 0000:00:18.5: BAR 13: failed to assign [io  size 0x1000]
Aug 12 04:52:36 ubuntu kernel: pci 0000:00:18.6: BAR 13: no space for [io  size 0x1000]
Aug 12 04:52:36 ubuntu kernel: pci 0000:00:18.6: BAR 13: failed to assign [io  size 0x1000]
Aug 12 04:52:36 ubuntu kernel: pci 0000:00:18.7: BAR 13: no space for [io  size 0x1000]
Aug 12 04:52:36 ubuntu kernel: pci 0000:00:18.7: BAR 13: failed to assign [io  size 0x1000]
Aug 12 04:52:36 ubuntu kernel: pci 0000:00:18.7: BAR 13: no space for [io  size 0x1000]
Aug 12 04:52:36 ubuntu kernel: pci 0000:00:18.7: BAR 13: failed to assign [io  size 0x1000]
Aug 12 04:52:36 ubuntu kernel: pci 0000:00:18.6: BAR 13: no space for [io  size 0x1000]
Aug 12 04:52:36 ubuntu kernel: pci 0000:00:18.6: BAR 13: failed to assign [io  size 0x1000]
Aug 12 04:52:36 ubuntu kernel: pci 0000:00:18.5: BAR 13: no space for [io  size 0x1000]
Aug 12 04:52:36 ubuntu kernel: pci 0000:00:18.5: BAR 13: failed to assign [io  size 0x1000]
Aug 12 04:52:36 ubuntu kernel: pci 0000:00:18.4: BAR 13: no space for [io  size 0x1000]
Aug 12 04:52:36 ubuntu kernel: pci 0000:00:18.4: BAR 13: failed to assign [io  size 0x1000]
Aug 12 04:52:36 ubuntu kernel: pci 0000:00:18.3: BAR 13: no space for [io  size 0x1000]
Aug 12 04:52:36 ubuntu kernel: pci 0000:00:18.3: BAR 13: failed to assign [io  size 0x1000]
Aug 12 04:52:36 ubuntu kernel: pci 0000:00:18.2: BAR 13: no space for [io  size 0x1000]
Aug 12 04:52:36 ubuntu kernel: pci 0000:00:18.2: BAR 13: failed to assign [io  size 0x1000]
Aug 12 04:52:36 ubuntu kernel: pci 0000:00:17.7: BAR 13: no space for [io  size 0x1000]
Aug 12 04:52:36 ubuntu kernel: pci 0000:00:17.7: BAR 13: failed to assign [io  size 0x1000]
Aug 12 04:52:36 ubuntu kernel: pci 0000:00:17.6: BAR 13: no space for [io  size 0x1000]
Aug 12 04:52:36 ubuntu kernel: pci 0000:00:17.6: BAR 13: failed to assign [io  size 0x1000]
Aug 12 04:52:36 ubuntu kernel: pci 0000:00:17.5: BAR 13: no space for [io  size 0x1000]
Aug 12 04:52:36 ubuntu kernel: pci 0000:00:17.5: BAR 13: failed to assign [io  size 0x1000]
Aug 12 04:52:36 ubuntu kernel: pci 0000:00:17.4: BAR 13: no space for [io  size 0x1000]
Aug 12 04:52:36 ubuntu kernel: pci 0000:00:17.4: BAR 13: failed to assign [io  size 0x1000]
Aug 12 04:52:36 ubuntu kernel: pci 0000:00:17.3: BAR 13: no space for [io  size 0x1000]
Aug 12 04:52:36 ubuntu kernel: pci 0000:00:17.3: BAR 13: failed to assign [io  size 0x1000]
Aug 12 04:52:36 ubuntu kernel: pci 0000:00:16.7: BAR 13: no space for [io  size 0x1000]
Aug 12 04:52:36 ubuntu kernel: pci 0000:00:16.7: BAR 13: failed to assign [io  size 0x1000]
Aug 12 04:52:36 ubuntu kernel: pci 0000:00:16.6: BAR 13: no space for [io  size 0x1000]
Aug 12 04:52:36 ubuntu kernel: pci 0000:00:16.6: BAR 13: failed to assign [io  size 0x1000]
Aug 12 04:52:36 ubuntu kernel: pci 0000:00:16.5: BAR 13: no space for [io  size 0x1000]
Aug 12 04:52:36 ubuntu kernel: pci 0000:00:16.5: BAR 13: failed to assign [io  size 0x1000]
Aug 12 04:52:36 ubuntu kernel: pci 0000:00:16.4: BAR 13: no space for [io  size 0x1000]
Aug 12 04:52:36 ubuntu kernel: pci 0000:00:16.4: BAR 13: failed to assign [io  size 0x1000]
Aug 12 04:52:36 ubuntu kernel: pci 0000:00:16.3: BAR 13: no space for [io  size 0x1000]
Aug 12 04:52:36 ubuntu kernel: pci 0000:00:16.3: BAR 13: failed to assign [io  size 0x1000]
Aug 12 04:52:36 ubuntu kernel: pci 0000:00:15.7: BAR 13: no space for [io  size 0x1000]
Aug 12 04:52:36 ubuntu kernel: pci 0000:00:15.7: BAR 13: failed to assign [io  size 0x1000]
Aug 12 04:52:36 ubuntu kernel: pci 0000:00:15.6: BAR 13: no space for [io  size 0x1000]
Aug 12 04:52:36 ubuntu kernel: pci 0000:00:15.6: BAR 13: failed to assign [io  size 0x1000]
Aug 12 04:52:36 ubuntu kernel: pci 0000:00:15.5: BAR 13: no space for [io  size 0x1000]
Aug 12 04:52:36 ubuntu kernel: pci 0000:00:15.5: BAR 13: failed to assign [io  size 0x1000]
Aug 12 04:52:36 ubuntu kernel: pci 0000:00:15.4: BAR 13: no space for [io  size 0x1000]
Aug 12 04:52:36 ubuntu kernel: pci 0000:00:15.4: BAR 13: failed to assign [io  size 0x1000]
Aug 12 04:52:36 ubuntu kernel: pci 0000:00:15.3: BAR 13: no space for [io  size 0x1000]
Aug 12 04:52:36 ubuntu kernel: pci 0000:00:15.3: BAR 13: failed to assign [io  size 0x1000]
Aug 12 04:52:36 ubuntu kernel: pci 0000:00:01.0: PCI bridge to [bus 01]
Aug 12 04:52:36 ubuntu kernel: pci 0000:02:01.0: BAR 6: assigned [mem 0xfd500000-0xfd50ffff pref]
Aug 12 04:52:36 ubuntu kernel: pci 0000:02:04.0: BAR 6: assigned [mem 0xfd510000-0xfd51ffff pref]
Aug 12 04:52:36 ubuntu kernel: pci 0000:00:11.0: PCI bridge to [bus 02]
Aug 12 04:52:36 ubuntu kernel: pci 0000:00:11.0:   bridge window [io  0x2000-0x3fff]
Aug 12 04:52:36 ubuntu kernel: pci 0000:00:11.0:   bridge window [mem 0xfd500000-0xfdffffff]
Aug 12 04:52:36 ubuntu kernel: pci 0000:00:11.0:   bridge window [mem 0xe7b00000-0xe7ffffff 64bit pref]
Aug 12 04:52:36 ubuntu kernel: pci 0000:00:15.0: PCI bridge to [bus 03]
Aug 12 04:52:36 ubuntu kernel: pci 0000:00:15.0:   bridge window [io  0x4000-0x4fff]
Aug 12 04:52:36 ubuntu kernel: pci 0000:00:15.0:   bridge window [mem 0xfd400000-0xfd4fffff]
Aug 12 04:52:36 ubuntu kernel: pci 0000:00:15.0:   bridge window [mem 0xe7a00000-0xe7afffff 64bit pref]
Aug 12 04:52:36 ubuntu kernel: pci 0000:00:15.1: PCI bridge to [bus 04]
Aug 12 04:52:36 ubuntu kernel: pci 0000:00:15.1:   bridge window [io  0x8000-0x8fff]
Aug 12 04:52:36 ubuntu kernel: pci 0000:00:15.1:   bridge window [mem 0xfd000000-0xfd0fffff]
Aug 12 04:52:36 ubuntu kernel: pci 0000:00:15.1:   bridge window [mem 0xe7600000-0xe76fffff 64bit pref]
Aug 12 04:52:36 ubuntu kernel: pci 0000:00:15.2: PCI bridge to [bus 05]
Aug 12 04:52:36 ubuntu kernel: pci 0000:00:15.2:   bridge window [io  0xc000-0xcfff]
Aug 12 04:52:36 ubuntu kernel: pci 0000:00:15.2:   bridge window [mem 0xfcc00000-0xfccfffff]
Aug 12 04:52:36 ubuntu kernel: pci 0000:00:15.2:   bridge window [mem 0xe7200000-0xe72fffff 64bit pref]
Aug 12 04:52:36 ubuntu kernel: pci 0000:00:15.3: PCI bridge to [bus 06]
Aug 12 04:52:36 ubuntu kernel: pci 0000:00:15.3:   bridge window [mem 0xfc800000-0xfc8fffff]
Aug 12 04:52:36 ubuntu kernel: pci 0000:00:15.3:   bridge window [mem 0xe6e00000-0xe6efffff 64bit pref]
Aug 12 04:52:36 ubuntu kernel: pci 0000:00:15.4: PCI bridge to [bus 07]
Aug 12 04:52:36 ubuntu kernel: pci 0000:00:15.4:   bridge window [mem 0xfc400000-0xfc4fffff]
Aug 12 04:52:36 ubuntu kernel: pci 0000:00:15.4:   bridge window [mem 0xe6a00000-0xe6afffff 64bit pref]
Aug 12 04:52:36 ubuntu kernel: pci 0000:00:15.5: PCI bridge to [bus 08]
Aug 12 04:52:36 ubuntu kernel: pci 0000:00:15.5:   bridge window [mem 0xfc000000-0xfc0fffff]
Aug 12 04:52:36 ubuntu kernel: pci 0000:00:15.5:   bridge window [mem 0xe6600000-0xe66fffff 64bit pref]
Aug 12 04:52:36 ubuntu kernel: pci 0000:00:15.6: PCI bridge to [bus 09]
Aug 12 04:52:36 ubuntu kernel: pci 0000:00:15.6:   bridge window [mem 0xfbc00000-0xfbcfffff]
Aug 12 04:52:36 ubuntu kernel: pci 0000:00:15.6:   bridge window [mem 0xe6200000-0xe62fffff 64bit pref]
Aug 12 04:52:36 ubuntu kernel: pci 0000:00:15.7: PCI bridge to [bus 0a]
Aug 12 04:52:36 ubuntu kernel: pci 0000:00:15.7:   bridge window [mem 0xfb800000-0xfb8fffff]
Aug 12 04:52:36 ubuntu kernel: pci 0000:00:15.7:   bridge window [mem 0xe5e00000-0xe5efffff 64bit pref]
Aug 12 04:52:36 ubuntu kernel: pci 0000:00:16.0: PCI bridge to [bus 0b]
Aug 12 04:52:36 ubuntu kernel: pci 0000:00:16.0:   bridge window [io  0x5000-0x5fff]
Aug 12 04:52:36 ubuntu kernel: pci 0000:00:16.0:   bridge window [mem 0xfd300000-0xfd3fffff]
Aug 12 04:52:36 ubuntu kernel: pci 0000:00:16.0:   bridge window [mem 0xe7900000-0xe79fffff 64bit pref]
Aug 12 04:52:36 ubuntu kernel: pci 0000:00:16.1: PCI bridge to [bus 0c]
Aug 12 04:52:36 ubuntu kernel: pci 0000:00:16.1:   bridge window [io  0x9000-0x9fff]
Aug 12 04:52:36 ubuntu kernel: pci 0000:00:16.1:   bridge window [mem 0xfcf00000-0xfcffffff]
Aug 12 04:52:36 ubuntu kernel: pci 0000:00:16.1:   bridge window [mem 0xe7500000-0xe75fffff 64bit pref]
Aug 12 04:52:36 ubuntu kernel: pci 0000:00:16.2: PCI bridge to [bus 0d]
Aug 12 04:52:36 ubuntu kernel: pci 0000:00:16.2:   bridge window [io  0xd000-0xdfff]
Aug 12 04:52:36 ubuntu kernel: pci 0000:00:16.2:   bridge window [mem 0xfcb00000-0xfcbfffff]
Aug 12 04:52:36 ubuntu kernel: pci 0000:00:16.2:   bridge window [mem 0xe7100000-0xe71fffff 64bit pref]
Aug 12 04:52:36 ubuntu kernel: pci 0000:00:16.3: PCI bridge to [bus 0e]
Aug 12 04:52:36 ubuntu kernel: pci 0000:00:16.3:   bridge window [mem 0xfc700000-0xfc7fffff]
Aug 12 04:52:36 ubuntu kernel: pci 0000:00:16.3:   bridge window [mem 0xe6d00000-0xe6dfffff 64bit pref]
Aug 12 04:52:36 ubuntu kernel: pci 0000:00:16.4: PCI bridge to [bus 0f]
Aug 12 04:52:36 ubuntu kernel: pci 0000:00:16.4:   bridge window [mem 0xfc300000-0xfc3fffff]
Aug 12 04:52:36 ubuntu kernel: pci 0000:00:16.4:   bridge window [mem 0xe6900000-0xe69fffff 64bit pref]
Aug 12 04:52:36 ubuntu kernel: pci 0000:00:16.5: PCI bridge to [bus 10]
Aug 12 04:52:36 ubuntu kernel: pci 0000:00:16.5:   bridge window [mem 0xfbf00000-0xfbffffff]
Aug 12 04:52:36 ubuntu kernel: pci 0000:00:16.5:   bridge window [mem 0xe6500000-0xe65fffff 64bit pref]
Aug 12 04:52:36 ubuntu kernel: pci 0000:00:16.6: PCI bridge to [bus 11]
Aug 12 04:52:36 ubuntu kernel: pci 0000:00:16.6:   bridge window [mem 0xfbb00000-0xfbbfffff]
Aug 12 04:52:36 ubuntu kernel: pci 0000:00:16.6:   bridge window [mem 0xe6100000-0xe61fffff 64bit pref]
Aug 12 04:52:36 ubuntu kernel: pci 0000:00:16.7: PCI bridge to [bus 12]
Aug 12 04:52:36 ubuntu kernel: pci 0000:00:16.7:   bridge window [mem 0xfb700000-0xfb7fffff]
Aug 12 04:52:36 ubuntu kernel: pci 0000:00:16.7:   bridge window [mem 0xe5d00000-0xe5dfffff 64bit pref]
Aug 12 04:52:36 ubuntu kernel: pci 0000:00:17.0: PCI bridge to [bus 13]
Aug 12 04:52:36 ubuntu kernel: pci 0000:00:17.0:   bridge window [io  0x6000-0x6fff]
Aug 12 04:52:36 ubuntu kernel: pci 0000:00:17.0:   bridge window [mem 0xfd200000-0xfd2fffff]
Aug 12 04:52:36 ubuntu kernel: pci 0000:00:17.0:   bridge window [mem 0xe7800000-0xe78fffff 64bit pref]
Aug 12 04:52:36 ubuntu kernel: pci 0000:00:17.1: PCI bridge to [bus 14]
Aug 12 04:52:36 ubuntu kernel: pci 0000:00:17.1:   bridge window [io  0xa000-0xafff]
Aug 12 04:52:36 ubuntu kernel: pci 0000:00:17.1:   bridge window [mem 0xfce00000-0xfcefffff]
Aug 12 04:52:36 ubuntu kernel: pci 0000:00:17.1:   bridge window [mem 0xe7400000-0xe74fffff 64bit pref]
Aug 12 04:52:36 ubuntu kernel: pci 0000:00:17.2: PCI bridge to [bus 15]
Aug 12 04:52:36 ubuntu kernel: pci 0000:00:17.2:   bridge window [io  0xe000-0xefff]
Aug 12 04:52:36 ubuntu kernel: pci 0000:00:17.2:   bridge window [mem 0xfca00000-0xfcafffff]
Aug 12 04:52:36 ubuntu kernel: pci 0000:00:17.2:   bridge window [mem 0xe7000000-0xe70fffff 64bit pref]
Aug 12 04:52:36 ubuntu kernel: pci 0000:00:17.3: PCI bridge to [bus 16]
Aug 12 04:52:36 ubuntu kernel: pci 0000:00:17.3:   bridge window [mem 0xfc600000-0xfc6fffff]
Aug 12 04:52:36 ubuntu kernel: pci 0000:00:17.3:   bridge window [mem 0xe6c00000-0xe6cfffff 64bit pref]
Aug 12 04:52:36 ubuntu kernel: pci 0000:00:17.4: PCI bridge to [bus 17]
Aug 12 04:52:36 ubuntu kernel: pci 0000:00:17.4:   bridge window [mem 0xfc200000-0xfc2fffff]
Aug 12 04:52:36 ubuntu kernel: pci 0000:00:17.4:   bridge window [mem 0xe6800000-0xe68fffff 64bit pref]
Aug 12 04:52:36 ubuntu kernel: pci 0000:00:17.5: PCI bridge to [bus 18]
Aug 12 04:52:36 ubuntu kernel: pci 0000:00:17.5:   bridge window [mem 0xfbe00000-0xfbefffff]
Aug 12 04:52:36 ubuntu kernel: pci 0000:00:17.5:   bridge window [mem 0xe6400000-0xe64fffff 64bit pref]
Aug 12 04:52:36 ubuntu kernel: pci 0000:00:17.6: PCI bridge to [bus 19]
Aug 12 04:52:36 ubuntu kernel: pci 0000:00:17.6:   bridge window [mem 0xfba00000-0xfbafffff]
Aug 12 04:52:36 ubuntu kernel: pci 0000:00:17.6:   bridge window [mem 0xe6000000-0xe60fffff 64bit pref]
Aug 12 04:52:36 ubuntu kernel: pci 0000:00:17.7: PCI bridge to [bus 1a]
Aug 12 04:52:36 ubuntu kernel: pci 0000:00:17.7:   bridge window [mem 0xfb600000-0xfb6fffff]
Aug 12 04:52:36 ubuntu kernel: pci 0000:00:17.7:   bridge window [mem 0xe5c00000-0xe5cfffff 64bit pref]
Aug 12 04:52:36 ubuntu kernel: pci 0000:00:18.0: PCI bridge to [bus 1b]
Aug 12 04:52:36 ubuntu kernel: pci 0000:00:18.0:   bridge window [io  0x7000-0x7fff]
Aug 12 04:52:36 ubuntu kernel: pci 0000:00:18.0:   bridge window [mem 0xfd100000-0xfd1fffff]
Aug 12 04:52:36 ubuntu kernel: pci 0000:00:18.0:   bridge window [mem 0xe7700000-0xe77fffff 64bit pref]
Aug 12 04:52:36 ubuntu kernel: pci 0000:00:18.1: PCI bridge to [bus 1c]
Aug 12 04:52:36 ubuntu kernel: pci 0000:00:18.1:   bridge window [io  0xb000-0xbfff]
Aug 12 04:52:36 ubuntu kernel: pci 0000:00:18.1:   bridge window [mem 0xfcd00000-0xfcdfffff]
Aug 12 04:52:36 ubuntu kernel: pci 0000:00:18.1:   bridge window [mem 0xe7300000-0xe73fffff 64bit pref]
Aug 12 04:52:36 ubuntu kernel: pci 0000:00:18.2: PCI bridge to [bus 1d]
Aug 12 04:52:36 ubuntu kernel: pci 0000:00:18.2:   bridge window [mem 0xfc900000-0xfc9fffff]
Aug 12 04:52:36 ubuntu kernel: pci 0000:00:18.2:   bridge window [mem 0xe6f00000-0xe6ffffff 64bit pref]
Aug 12 04:52:36 ubuntu kernel: pci 0000:00:18.3: PCI bridge to [bus 1e]
Aug 12 04:52:36 ubuntu kernel: pci 0000:00:18.3:   bridge window [mem 0xfc500000-0xfc5fffff]
Aug 12 04:52:36 ubuntu kernel: pci 0000:00:18.3:   bridge window [mem 0xe6b00000-0xe6bfffff 64bit pref]
Aug 12 04:52:36 ubuntu kernel: pci 0000:00:18.4: PCI bridge to [bus 1f]
Aug 12 04:52:36 ubuntu kernel: pci 0000:00:18.4:   bridge window [mem 0xfc100000-0xfc1fffff]
Aug 12 04:52:36 ubuntu kernel: pci 0000:00:18.4:   bridge window [mem 0xe6700000-0xe67fffff 64bit pref]
Aug 12 04:52:36 ubuntu kernel: pci 0000:00:18.5: PCI bridge to [bus 20]
Aug 12 04:52:36 ubuntu kernel: pci 0000:00:18.5:   bridge window [mem 0xfbd00000-0xfbdfffff]
Aug 12 04:52:36 ubuntu kernel: pci 0000:00:18.5:   bridge window [mem 0xe6300000-0xe63fffff 64bit pref]
Aug 12 04:52:36 ubuntu kernel: pci 0000:00:18.6: PCI bridge to [bus 21]
Aug 12 04:52:36 ubuntu kernel: pci 0000:00:18.6:   bridge window [mem 0xfb900000-0xfb9fffff]
Aug 12 04:52:36 ubuntu kernel: pci 0000:00:18.6:   bridge window [mem 0xe5f00000-0xe5ffffff 64bit pref]
Aug 12 04:52:36 ubuntu kernel: pci 0000:00:18.7: PCI bridge to [bus 22]
Aug 12 04:52:36 ubuntu kernel: pci 0000:00:18.7:   bridge window [mem 0xfb500000-0xfb5fffff]
Aug 12 04:52:36 ubuntu kernel: pci 0000:00:18.7:   bridge window [mem 0xe5b00000-0xe5bfffff 64bit pref]
Aug 12 04:52:36 ubuntu kernel: pci_bus 0000:00: resource 4 [io  0x0000-0x0cf7 window]
Aug 12 04:52:36 ubuntu kernel: pci_bus 0000:00: resource 5 [io  0x0d00-0xfeff window]
Aug 12 04:52:36 ubuntu kernel: pci_bus 0000:00: resource 6 [mem 0x000a0000-0x000bffff window]
Aug 12 04:52:36 ubuntu kernel: pci_bus 0000:00: resource 7 [mem 0x000d0000-0x000dbfff window]
Aug 12 04:52:36 ubuntu kernel: pci_bus 0000:00: resource 8 [mem 0xc0000000-0xfebfffff window]
Aug 12 04:52:36 ubuntu kernel: pci_bus 0000:02: resource 0 [io  0x2000-0x3fff]
Aug 12 04:52:36 ubuntu kernel: pci_bus 0000:02: resource 1 [mem 0xfd500000-0xfdffffff]
Aug 12 04:52:36 ubuntu kernel: pci_bus 0000:02: resource 2 [mem 0xe7b00000-0xe7ffffff 64bit pref]
Aug 12 04:52:36 ubuntu kernel: pci_bus 0000:02: resource 4 [io  0x0000-0x0cf7 window]
Aug 12 04:52:36 ubuntu kernel: pci_bus 0000:02: resource 5 [io  0x0d00-0xfeff window]
Aug 12 04:52:36 ubuntu kernel: pci_bus 0000:02: resource 6 [mem 0x000a0000-0x000bffff window]
Aug 12 04:52:36 ubuntu kernel: pci_bus 0000:02: resource 7 [mem 0x000d0000-0x000dbfff window]
Aug 12 04:52:36 ubuntu kernel: pci_bus 0000:02: resource 8 [mem 0xc0000000-0xfebfffff window]
Aug 12 04:52:36 ubuntu kernel: pci_bus 0000:03: resource 0 [io  0x4000-0x4fff]
Aug 12 04:52:36 ubuntu kernel: pci_bus 0000:03: resource 1 [mem 0xfd400000-0xfd4fffff]
Aug 12 04:52:36 ubuntu kernel: pci_bus 0000:03: resource 2 [mem 0xe7a00000-0xe7afffff 64bit pref]
Aug 12 04:52:36 ubuntu kernel: pci_bus 0000:04: resource 0 [io  0x8000-0x8fff]
Aug 12 04:52:36 ubuntu kernel: pci_bus 0000:04: resource 1 [mem 0xfd000000-0xfd0fffff]
Aug 12 04:52:36 ubuntu kernel: pci_bus 0000:04: resource 2 [mem 0xe7600000-0xe76fffff 64bit pref]
Aug 12 04:52:36 ubuntu kernel: pci_bus 0000:05: resource 0 [io  0xc000-0xcfff]
Aug 12 04:52:36 ubuntu kernel: pci_bus 0000:05: resource 1 [mem 0xfcc00000-0xfccfffff]
Aug 12 04:52:36 ubuntu kernel: pci_bus 0000:05: resource 2 [mem 0xe7200000-0xe72fffff 64bit pref]
Aug 12 04:52:36 ubuntu kernel: pci_bus 0000:06: resource 1 [mem 0xfc800000-0xfc8fffff]
Aug 12 04:52:36 ubuntu kernel: pci_bus 0000:06: resource 2 [mem 0xe6e00000-0xe6efffff 64bit pref]
Aug 12 04:52:36 ubuntu kernel: pci_bus 0000:07: resource 1 [mem 0xfc400000-0xfc4fffff]
Aug 12 04:52:36 ubuntu kernel: pci_bus 0000:07: resource 2 [mem 0xe6a00000-0xe6afffff 64bit pref]
Aug 12 04:52:36 ubuntu kernel: pci_bus 0000:08: resource 1 [mem 0xfc000000-0xfc0fffff]
Aug 12 04:52:36 ubuntu kernel: pci_bus 0000:08: resource 2 [mem 0xe6600000-0xe66fffff 64bit pref]
Aug 12 04:52:36 ubuntu kernel: pci_bus 0000:09: resource 1 [mem 0xfbc00000-0xfbcfffff]
Aug 12 04:52:36 ubuntu kernel: pci_bus 0000:09: resource 2 [mem 0xe6200000-0xe62fffff 64bit pref]
Aug 12 04:52:36 ubuntu kernel: pci_bus 0000:0a: resource 1 [mem 0xfb800000-0xfb8fffff]
Aug 12 04:52:36 ubuntu kernel: pci_bus 0000:0a: resource 2 [mem 0xe5e00000-0xe5efffff 64bit pref]
Aug 12 04:52:36 ubuntu kernel: pci_bus 0000:0b: resource 0 [io  0x5000-0x5fff]
Aug 12 04:52:36 ubuntu kernel: pci_bus 0000:0b: resource 1 [mem 0xfd300000-0xfd3fffff]
Aug 12 04:52:36 ubuntu kernel: pci_bus 0000:0b: resource 2 [mem 0xe7900000-0xe79fffff 64bit pref]
Aug 12 04:52:36 ubuntu kernel: pci_bus 0000:0c: resource 0 [io  0x9000-0x9fff]
Aug 12 04:52:36 ubuntu kernel: pci_bus 0000:0c: resource 1 [mem 0xfcf00000-0xfcffffff]
Aug 12 04:52:36 ubuntu kernel: pci_bus 0000:0c: resource 2 [mem 0xe7500000-0xe75fffff 64bit pref]
Aug 12 04:52:36 ubuntu kernel: pci_bus 0000:0d: resource 0 [io  0xd000-0xdfff]
Aug 12 04:52:36 ubuntu kernel: pci_bus 0000:0d: resource 1 [mem 0xfcb00000-0xfcbfffff]
Aug 12 04:52:36 ubuntu kernel: pci_bus 0000:0d: resource 2 [mem 0xe7100000-0xe71fffff 64bit pref]
Aug 12 04:52:36 ubuntu kernel: pci_bus 0000:0e: resource 1 [mem 0xfc700000-0xfc7fffff]
Aug 12 04:52:36 ubuntu kernel: pci_bus 0000:0e: resource 2 [mem 0xe6d00000-0xe6dfffff 64bit pref]
Aug 12 04:52:36 ubuntu kernel: pci_bus 0000:0f: resource 1 [mem 0xfc300000-0xfc3fffff]
Aug 12 04:52:36 ubuntu kernel: pci_bus 0000:0f: resource 2 [mem 0xe6900000-0xe69fffff 64bit pref]
Aug 12 04:52:36 ubuntu kernel: pci_bus 0000:10: resource 1 [mem 0xfbf00000-0xfbffffff]
Aug 12 04:52:36 ubuntu kernel: pci_bus 0000:10: resource 2 [mem 0xe6500000-0xe65fffff 64bit pref]
Aug 12 04:52:36 ubuntu kernel: pci_bus 0000:11: resource 1 [mem 0xfbb00000-0xfbbfffff]
Aug 12 04:52:36 ubuntu kernel: pci_bus 0000:11: resource 2 [mem 0xe6100000-0xe61fffff 64bit pref]
Aug 12 04:52:36 ubuntu kernel: pci_bus 0000:12: resource 1 [mem 0xfb700000-0xfb7fffff]
Aug 12 04:52:36 ubuntu kernel: pci_bus 0000:12: resource 2 [mem 0xe5d00000-0xe5dfffff 64bit pref]
Aug 12 04:52:36 ubuntu kernel: pci_bus 0000:13: resource 0 [io  0x6000-0x6fff]
Aug 12 04:52:36 ubuntu kernel: pci_bus 0000:13: resource 1 [mem 0xfd200000-0xfd2fffff]
Aug 12 04:52:36 ubuntu kernel: pci_bus 0000:13: resource 2 [mem 0xe7800000-0xe78fffff 64bit pref]
Aug 12 04:52:36 ubuntu kernel: pci_bus 0000:14: resource 0 [io  0xa000-0xafff]
Aug 12 04:52:36 ubuntu kernel: pci_bus 0000:14: resource 1 [mem 0xfce00000-0xfcefffff]
Aug 12 04:52:36 ubuntu kernel: pci_bus 0000:14: resource 2 [mem 0xe7400000-0xe74fffff 64bit pref]
Aug 12 04:52:36 ubuntu kernel: pci_bus 0000:15: resource 0 [io  0xe000-0xefff]
Aug 12 04:52:36 ubuntu kernel: pci_bus 0000:15: resource 1 [mem 0xfca00000-0xfcafffff]
Aug 12 04:52:36 ubuntu kernel: pci_bus 0000:15: resource 2 [mem 0xe7000000-0xe70fffff 64bit pref]
Aug 12 04:52:36 ubuntu kernel: pci_bus 0000:16: resource 1 [mem 0xfc600000-0xfc6fffff]
Aug 12 04:52:36 ubuntu kernel: pci_bus 0000:16: resource 2 [mem 0xe6c00000-0xe6cfffff 64bit pref]
Aug 12 04:52:36 ubuntu kernel: pci_bus 0000:17: resource 1 [mem 0xfc200000-0xfc2fffff]
Aug 12 04:52:36 ubuntu kernel: pci_bus 0000:17: resource 2 [mem 0xe6800000-0xe68fffff 64bit pref]
Aug 12 04:52:36 ubuntu kernel: pci_bus 0000:18: resource 1 [mem 0xfbe00000-0xfbefffff]
Aug 12 04:52:36 ubuntu kernel: pci_bus 0000:18: resource 2 [mem 0xe6400000-0xe64fffff 64bit pref]
Aug 12 04:52:36 ubuntu kernel: pci_bus 0000:19: resource 1 [mem 0xfba00000-0xfbafffff]
Aug 12 04:52:36 ubuntu kernel: pci_bus 0000:19: resource 2 [mem 0xe6000000-0xe60fffff 64bit pref]
Aug 12 04:52:36 ubuntu kernel: pci_bus 0000:1a: resource 1 [mem 0xfb600000-0xfb6fffff]
Aug 12 04:52:36 ubuntu kernel: pci_bus 0000:1a: resource 2 [mem 0xe5c00000-0xe5cfffff 64bit pref]
Aug 12 04:52:36 ubuntu kernel: pci_bus 0000:1b: resource 0 [io  0x7000-0x7fff]
Aug 12 04:52:36 ubuntu kernel: pci_bus 0000:1b: resource 1 [mem 0xfd100000-0xfd1fffff]
Aug 12 04:52:36 ubuntu kernel: pci_bus 0000:1b: resource 2 [mem 0xe7700000-0xe77fffff 64bit pref]
Aug 12 04:52:36 ubuntu kernel: pci_bus 0000:1c: resource 0 [io  0xb000-0xbfff]
Aug 12 04:52:36 ubuntu kernel: pci_bus 0000:1c: resource 1 [mem 0xfcd00000-0xfcdfffff]
Aug 12 04:52:36 ubuntu kernel: pci_bus 0000:1c: resource 2 [mem 0xe7300000-0xe73fffff 64bit pref]
Aug 12 04:52:36 ubuntu kernel: pci_bus 0000:1d: resource 1 [mem 0xfc900000-0xfc9fffff]
Aug 12 04:52:36 ubuntu kernel: pci_bus 0000:1d: resource 2 [mem 0xe6f00000-0xe6ffffff 64bit pref]
Aug 12 04:52:36 ubuntu kernel: pci_bus 0000:1e: resource 1 [mem 0xfc500000-0xfc5fffff]
Aug 12 04:52:36 ubuntu kernel: pci_bus 0000:1e: resource 2 [mem 0xe6b00000-0xe6bfffff 64bit pref]
Aug 12 04:52:36 ubuntu kernel: pci_bus 0000:1f: resource 1 [mem 0xfc100000-0xfc1fffff]
Aug 12 04:52:36 ubuntu kernel: pci_bus 0000:1f: resource 2 [mem 0xe6700000-0xe67fffff 64bit pref]
Aug 12 04:52:36 ubuntu kernel: pci_bus 0000:20: resource 1 [mem 0xfbd00000-0xfbdfffff]
Aug 12 04:52:36 ubuntu kernel: pci_bus 0000:20: resource 2 [mem 0xe6300000-0xe63fffff 64bit pref]
Aug 12 04:52:36 ubuntu kernel: pci_bus 0000:21: resource 1 [mem 0xfb900000-0xfb9fffff]
Aug 12 04:52:36 ubuntu kernel: pci_bus 0000:21: resource 2 [mem 0xe5f00000-0xe5ffffff 64bit pref]
Aug 12 04:52:36 ubuntu kernel: pci_bus 0000:22: resource 1 [mem 0xfb500000-0xfb5fffff]
Aug 12 04:52:36 ubuntu kernel: pci_bus 0000:22: resource 2 [mem 0xe5b00000-0xe5bfffff 64bit pref]
Aug 12 04:52:36 ubuntu kernel: pci 0000:00:00.0: Limiting direct PCI/PCI transfers
Aug 12 04:52:36 ubuntu kernel: pci 0000:02:01.0: CLS mismatch (32 != 64), using 64 bytes
Aug 12 04:52:36 ubuntu kernel: Trying to unpack rootfs image as initramfs...
Aug 12 04:52:36 ubuntu kernel: PCI-DMA: Using software bounce buffering for IO (SWIOTLB)
Aug 12 04:52:36 ubuntu kernel: software IO TLB: mapped [mem 0x00000000bbed0000-0x00000000bfed0000] (64MB)
Aug 12 04:52:36 ubuntu kernel: clocksource: tsc: mask: 0xffffffffffffffff max_cycles: 0x22df0f35937, max_idle_ns: 440795269039 ns
Aug 12 04:52:36 ubuntu kernel: clocksource: Switched to clocksource tsc
Aug 12 04:52:36 ubuntu kernel: Initialise system trusted keyrings
Aug 12 04:52:36 ubuntu kernel: Key type blacklist registered
Aug 12 04:52:36 ubuntu kernel: workingset: timestamp_bits=36 max_order=20 bucket_order=0
Aug 12 04:52:36 ubuntu kernel: zbud: loaded
Aug 12 04:52:36 ubuntu kernel: squashfs: version 4.0 (2009/01/31) Phillip Lougher
Aug 12 04:52:36 ubuntu kernel: fuse: init (API version 7.34)
Aug 12 04:52:36 ubuntu kernel: integrity: Platform Keyring initialized
Aug 12 04:52:36 ubuntu kernel: Key type asymmetric registered
Aug 12 04:52:36 ubuntu kernel: Asymmetric key parser 'x509' registered
Aug 12 04:52:36 ubuntu kernel: Block layer SCSI generic (bsg) driver version 0.4 loaded (major 243)
Aug 12 04:52:36 ubuntu kernel: io scheduler mq-deadline registered
Aug 12 04:52:36 ubuntu kernel: pcieport 0000:00:15.0: PME: Signaling with IRQ 24
Aug 12 04:52:36 ubuntu kernel: pcieport 0000:00:15.0: pciehp: Slot #160 AttnBtn+ PwrCtrl+ MRL- AttnInd- PwrInd- HotPlug+ Surprise- Interlock- NoCompl+ IbPresDis- LLActRep+
Aug 12 04:52:36 ubuntu kernel: pcieport 0000:00:15.1: PME: Signaling with IRQ 25
Aug 12 04:52:36 ubuntu kernel: pcieport 0000:00:15.1: pciehp: Slot #161 AttnBtn+ PwrCtrl+ MRL- AttnInd- PwrInd- HotPlug+ Surprise- Interlock- NoCompl+ IbPresDis- LLActRep+
